Component: ARM Compiler 6.14 Tool: armlink [5db06800]

==============================================================================

Section Cross References

    mainfile.o(.text.SysTick_Handler) refers to mainfile.o(.bss.SysTickCount) for SysTickCount
    mainfile.o(.ARM.exidx.text.SysTick_Handler) refers to mainfile.o(.text.SysTick_Handler) for [Anonymous Symbol]
    mainfile.o(.text.sysTickGetCount) refers to mainfile.o(.bss.SysTickCount) for SysTickCount
    mainfile.o(.ARM.exidx.text.sysTickGetCount) refers to mainfile.o(.text.sysTickGetCount) for [Anonymous Symbol]
    mainfile.o(.text.busyWait) refers to mainfile.o(.bss.mainDummy) for mainDummy
    mainfile.o(.ARM.exidx.text.busyWait) refers to mainfile.o(.text.busyWait) for [Anonymous Symbol]
    mainfile.o(.ARM.exidx.text.enterSleepMode) refers to mainfile.o(.text.enterSleepMode) for [Anonymous Symbol]
    mainfile.o(.text.sleepWait) refers to mainfile.o(.text.enterSleepMode) for enterSleepMode
    mainfile.o(.ARM.exidx.text.sleepWait) refers to mainfile.o(.text.sleepWait) for [Anonymous Symbol]
    mainfile.o(.text.errorHandler) refers to mainfile.o(.text.ledOn) for ledOn
    mainfile.o(.text.errorHandler) refers to mainfile.o(.text.sleepWait) for sleepWait
    mainfile.o(.text.errorHandler) refers to mainfile.o(.text.ledOff) for ledOff
    mainfile.o(.ARM.exidx.text.errorHandler) refers to mainfile.o(.text.errorHandler) for [Anonymous Symbol]
    mainfile.o(.ARM.exidx.text.ledOn) refers to mainfile.o(.text.ledOn) for [Anonymous Symbol]
    mainfile.o(.ARM.exidx.text.ledOff) refers to mainfile.o(.text.ledOff) for [Anonymous Symbol]
    mainfile.o(.text.USART1_IRQHandler) refers to mainfile.o(.bss.usart1In) for usart1In
    mainfile.o(.text.USART1_IRQHandler) refers to mainfile.o(.text.fifoPut) for fifoPut
    mainfile.o(.text.USART1_IRQHandler) refers to mainfile.o(.bss.usart1Out) for usart1Out
    mainfile.o(.text.USART1_IRQHandler) refers to mainfile.o(.text.fifoIsEmpty) for fifoIsEmpty
    mainfile.o(.text.USART1_IRQHandler) refers to mainfile.o(.text.fifoTake) for fifoTake
    mainfile.o(.ARM.exidx.text.USART1_IRQHandler) refers to mainfile.o(.text.USART1_IRQHandler) for [Anonymous Symbol]
    mainfile.o(.ARM.exidx.text.fifoPut) refers to mainfile.o(.text.fifoPut) for [Anonymous Symbol]
    mainfile.o(.ARM.exidx.text.fifoIsEmpty) refers to mainfile.o(.text.fifoIsEmpty) for [Anonymous Symbol]
    mainfile.o(.ARM.exidx.text.fifoTake) refers to mainfile.o(.text.fifoTake) for [Anonymous Symbol]
    mainfile.o(.text.USART2_IRQHandler) refers to mainfile.o(.bss.usart2In) for usart2In
    mainfile.o(.text.USART2_IRQHandler) refers to mainfile.o(.text.fifoPut) for fifoPut
    mainfile.o(.text.USART2_IRQHandler) refers to mainfile.o(.data.mainCh) for mainCh
    mainfile.o(.text.USART2_IRQHandler) refers to mainfile.o(.bss.usart2Out) for usart2Out
    mainfile.o(.text.USART2_IRQHandler) refers to mainfile.o(.text.fifoIsEmpty) for fifoIsEmpty
    mainfile.o(.text.USART2_IRQHandler) refers to mainfile.o(.text.fifoTake) for fifoTake
    mainfile.o(.ARM.exidx.text.USART2_IRQHandler) refers to mainfile.o(.text.USART2_IRQHandler) for [Anonymous Symbol]
    mainfile.o(.ARM.exidx.text.usartGetPtr) refers to mainfile.o(.text.usartGetPtr) for [Anonymous Symbol]
    mainfile.o(.ARM.exidx.text.usartGetIrqN) refers to mainfile.o(.text.usartGetIrqN) for [Anonymous Symbol]
    mainfile.o(.text.usartGetInFifo) refers to mainfile.o(.bss.usart1In) for usart1In
    mainfile.o(.text.usartGetInFifo) refers to mainfile.o(.bss.usart2In) for usart2In
    mainfile.o(.ARM.exidx.text.usartGetInFifo) refers to mainfile.o(.text.usartGetInFifo) for [Anonymous Symbol]
    mainfile.o(.text.usartGetOutFifo) refers to mainfile.o(.bss.usart1Out) for usart1Out
    mainfile.o(.text.usartGetOutFifo) refers to mainfile.o(.bss.usart2Out) for usart2Out
    mainfile.o(.ARM.exidx.text.usartGetOutFifo) refers to mainfile.o(.text.usartGetOutFifo) for [Anonymous Symbol]
    mainfile.o(.text.usartInit) refers to mainfile.o(.text.usartGetPtr) for usartGetPtr
    mainfile.o(.text.usartInit) refers to mainfile.o(.text.usartGetInFifo) for usartGetInFifo
    mainfile.o(.text.usartInit) refers to mainfile.o(.text.usartGetOutFifo) for usartGetOutFifo
    mainfile.o(.text.usartInit) refers to mainfile.o(.text.setupIoPinTx) for setupIoPinTx
    mainfile.o(.text.usartInit) refers to mainfile.o(.text.setupIoPinRx) for setupIoPinRx
    mainfile.o(.text.usartInit) refers to mainfile.o(.text.busyWait) for busyWait
    mainfile.o(.text.usartInit) refers to mainfile.o(.text.usartGetIrqN) for usartGetIrqN
    mainfile.o(.text.usartInit) refers to mainfile.o(.text.__NVIC_SetPriority) for __NVIC_SetPriority
    mainfile.o(.text.usartInit) refers to mainfile.o(.text.__NVIC_EnableIRQ) for __NVIC_EnableIRQ
    mainfile.o(.ARM.exidx.text.usartInit) refers to mainfile.o(.text.usartInit) for [Anonymous Symbol]
    mainfile.o(.ARM.exidx.text.setupIoPinTx) refers to mainfile.o(.text.setupIoPinTx) for [Anonymous Symbol]
    mainfile.o(.ARM.exidx.text.setupIoPinRx) refers to mainfile.o(.text.setupIoPinRx) for [Anonymous Symbol]
    mainfile.o(.ARM.exidx.text.__NVIC_SetPriority) refers to mainfile.o(.text.__NVIC_SetPriority) for [Anonymous Symbol]
    mainfile.o(.ARM.exidx.text.__NVIC_EnableIRQ) refers to mainfile.o(.text.__NVIC_EnableIRQ) for [Anonymous Symbol]
    mainfile.o(.text.usartPutChar) refers to mainfile.o(.text.usartGetOutFifo) for usartGetOutFifo
    mainfile.o(.text.usartPutChar) refers to mainfile.o(.text.fifoIsFull) for fifoIsFull
    mainfile.o(.text.usartPutChar) refers to mainfile.o(.text.fifoPut) for fifoPut
    mainfile.o(.ARM.exidx.text.usartPutChar) refers to mainfile.o(.text.usartPutChar) for [Anonymous Symbol]
    mainfile.o(.ARM.exidx.text.fifoIsFull) refers to mainfile.o(.text.fifoIsFull) for [Anonymous Symbol]
    mainfile.o(.text.usartGetChar) refers to mainfile.o(.text.usartGetInFifo) for usartGetInFifo
    mainfile.o(.text.usartGetChar) refers to mainfile.o(.text.fifoIsEmpty) for fifoIsEmpty
    mainfile.o(.text.usartGetChar) refers to mainfile.o(.text.fifoTake) for fifoTake
    mainfile.o(.ARM.exidx.text.usartGetChar) refers to mainfile.o(.text.usartGetChar) for [Anonymous Symbol]
    mainfile.o(.text.usartPrint) refers to mainfile.o(.text.usartPutChar) for usartPutChar
    mainfile.o(.ARM.exidx.text.usartPrint) refers to mainfile.o(.text.usartPrint) for [Anonymous Symbol]
    mainfile.o(.text.sendString) refers to mainfile.o(.text.usartPrint) for usartPrint
    mainfile.o(.text.sendString) refers to mainfile.o(.text.usartPutChar) for usartPutChar
    mainfile.o(.ARM.exidx.text.sendString) refers to mainfile.o(.text.sendString) for [Anonymous Symbol]
    mainfile.o(.text.conv2Str) refers to mainfile.o(.text.itoa_simple_helper) for itoa_simple_helper
    mainfile.o(.ARM.exidx.text.conv2Str) refers to mainfile.o(.text.conv2Str) for [Anonymous Symbol]
    mainfile.o(.ARM.exidx.text.itoa_simple_helper) refers to mainfile.o(.text.itoa_simple_helper) for [Anonymous Symbol]
    mainfile.o(.ARM.exidx.text.rand_interval) refers to mainfile.o(.text.rand_interval) for [Anonymous Symbol]
    mainfile.o(.text.__main) refers to mainfile.o(.text.sysTickInit) for sysTickInit
    mainfile.o(.text.__main) refers to mainfile.o(.text.usartInit) for usartInit
    mainfile.o(.text.__main) refers to mainfile.o(.text.errorHandler) for errorHandler
    mainfile.o(.text.__main) refers to mainfile.o(.text.ledInit) for ledInit
    mainfile.o(.text.__main) refers to mainfile.o(.text.initADC) for initADC
    mainfile.o(.text.__main) refers to mainfile.o(.text.sysTickGetCount) for sysTickGetCount
    mainfile.o(.text.__main) refers to mainfile.o(.data.sampleRate) for sampleRate
    mainfile.o(.text.__main) refers to mainfile.o(.bss.Mode) for Mode
    mainfile.o(.text.__main) refers to mainfile.o(.data.isOpen) for isOpen
    mainfile.o(.text.__main) refers to mainfile.o(.text.ledOn) for ledOn
    mainfile.o(.text.__main) refers to mainfile.o(.text.ledOff) for ledOff
    mainfile.o(.text.__main) refers to mainfile.o(.text.Send_ADC_Value) for Send_ADC_Value
    mainfile.o(.text.__main) refers to mainfile.o(.bss.SendNow) for SendNow
    mainfile.o(.text.__main) refers to mainfile.o(.text.busyWait) for busyWait
    mainfile.o(.text.__main) refers to mainfile.o(.text.usartGetChar) for usartGetChar
    mainfile.o(.text.__main) refers to mainfile.o(.text.enterSleepMode) for enterSleepMode
    mainfile.o(.ARM.exidx.text.__main) refers to mainfile.o(.text.__main) for [Anonymous Symbol]
    mainfile.o(.ARM.exidx.text.ledInit) refers to mainfile.o(.text.ledInit) for [Anonymous Symbol]
    mainfile.o(.text.Send_ADC_Value) refers to mainfile.o(.text.conv2Str) for conv2Str
    mainfile.o(.text.Send_ADC_Value) refers to mainfile.o(.text.sendString) for sendString
    mainfile.o(.ARM.exidx.text.Send_ADC_Value) refers to mainfile.o(.text.Send_ADC_Value) for [Anonymous Symbol]
    mainfile.o(.ARM.exidx.text.initADC) refers to mainfile.o(.text.initADC) for [Anonymous Symbol]
    mainfile.o(.text.sysTickInit) refers to mainfile.o(.text.__NVIC_SetPriority) for __NVIC_SetPriority
    mainfile.o(.text.sysTickInit) refers to mainfile.o(.text.busyWait) for busyWait
    mainfile.o(.ARM.exidx.text.sysTickInit) refers to mainfile.o(.text.sysTickInit) for [Anonymous Symbol]
    startup_stm32l432xx.o(STACK) refers (Special) to heapauxi.o(.text) for __use_two_region_memory
    startup_stm32l432xx.o(HEAP) refers (Special) to heapauxi.o(.text) for __use_two_region_memory
    startup_stm32l432xx.o(RESET) refers (Special) to heapauxi.o(.text) for __use_two_region_memory
    startup_stm32l432xx.o(RESET) refers to startup_stm32l432xx.o(STACK) for __initial_sp
    startup_stm32l432xx.o(RESET) refers to startup_stm32l432xx.o(.text) for Reset_Handler
    startup_stm32l432xx.o(RESET) refers to mainfile.o(.text.SysTick_Handler) for SysTick_Handler
    startup_stm32l432xx.o(RESET) refers to mainfile.o(.text.USART1_IRQHandler) for USART1_IRQHandler
    startup_stm32l432xx.o(RESET) refers to mainfile.o(.text.USART2_IRQHandler) for USART2_IRQHandler
    startup_stm32l432xx.o(.text) refers (Special) to heapauxi.o(.text) for __use_two_region_memory
    startup_stm32l432xx.o(.text) refers to system_stm32l4xx.o(.text.SystemInit) for SystemInit
    startup_stm32l432xx.o(.text) refers to mainfile.o(.text.__main) for __main
    startup_stm32l432xx.o(.text) refers to startup_stm32l432xx.o(HEAP) for Heap_Mem
    startup_stm32l432xx.o(.text) refers to startup_stm32l432xx.o(STACK) for Stack_Mem
    system_stm32l4xx.o(.ARM.exidx.text.SystemInit) refers to system_stm32l4xx.o(.text.SystemInit) for [Anonymous Symbol]
    system_stm32l4xx.o(.text.SystemCoreClockUpdate) refers to system_stm32l4xx.o(.rodata.MSIRangeTable) for MSIRangeTable
    system_stm32l4xx.o(.text.SystemCoreClockUpdate) refers to system_stm32l4xx.o(.data.SystemCoreClock) for SystemCoreClock
    system_stm32l4xx.o(.text.SystemCoreClockUpdate) refers to system_stm32l4xx.o(.rodata.AHBPrescTable) for AHBPrescTable
    system_stm32l4xx.o(.ARM.exidx.text.SystemCoreClockUpdate) refers to system_stm32l4xx.o(.text.SystemCoreClockUpdate) for [Anonymous Symbol]


==============================================================================

Removing Unused input sections from the image.

    Removing mainfile.o(.text), (0 bytes).
    Removing mainfile.o(.ARM.exidx.text.SysTick_Handler), (8 bytes).
    Removing mainfile.o(.ARM.exidx.text.sysTickGetCount), (8 bytes).
    Removing mainfile.o(.ARM.exidx.text.busyWait), (8 bytes).
    Removing mainfile.o(.ARM.exidx.text.enterSleepMode), (8 bytes).
    Removing mainfile.o(.ARM.exidx.text.sleepWait), (8 bytes).
    Removing mainfile.o(.ARM.exidx.text.errorHandler), (8 bytes).
    Removing mainfile.o(.ARM.exidx.text.ledOn), (8 bytes).
    Removing mainfile.o(.ARM.exidx.text.ledOff), (8 bytes).
    Removing mainfile.o(.ARM.exidx.text.USART1_IRQHandler), (8 bytes).
    Removing mainfile.o(.ARM.exidx.text.fifoPut), (8 bytes).
    Removing mainfile.o(.ARM.exidx.text.fifoIsEmpty), (8 bytes).
    Removing mainfile.o(.ARM.exidx.text.fifoTake), (8 bytes).
    Removing mainfile.o(.ARM.exidx.text.USART2_IRQHandler), (8 bytes).
    Removing mainfile.o(.ARM.exidx.text.usartGetPtr), (8 bytes).
    Removing mainfile.o(.ARM.exidx.text.usartGetIrqN), (8 bytes).
    Removing mainfile.o(.ARM.exidx.text.usartGetInFifo), (8 bytes).
    Removing mainfile.o(.ARM.exidx.text.usartGetOutFifo), (8 bytes).
    Removing mainfile.o(.ARM.exidx.text.usartInit), (8 bytes).
    Removing mainfile.o(.ARM.exidx.text.setupIoPinTx), (8 bytes).
    Removing mainfile.o(.ARM.exidx.text.setupIoPinRx), (8 bytes).
    Removing mainfile.o(.ARM.exidx.text.__NVIC_SetPriority), (8 bytes).
    Removing mainfile.o(.ARM.exidx.text.__NVIC_EnableIRQ), (8 bytes).
    Removing mainfile.o(.ARM.exidx.text.usartPutChar), (8 bytes).
    Removing mainfile.o(.ARM.exidx.text.fifoIsFull), (8 bytes).
    Removing mainfile.o(.ARM.exidx.text.usartGetChar), (8 bytes).
    Removing mainfile.o(.ARM.exidx.text.usartPrint), (8 bytes).
    Removing mainfile.o(.ARM.exidx.text.sendString), (8 bytes).
    Removing mainfile.o(.ARM.exidx.text.conv2Str), (8 bytes).
    Removing mainfile.o(.ARM.exidx.text.itoa_simple_helper), (8 bytes).
    Removing mainfile.o(.text.rand_interval), (36 bytes).
    Removing mainfile.o(.ARM.exidx.text.rand_interval), (8 bytes).
    Removing mainfile.o(.ARM.exidx.text.__main), (8 bytes).
    Removing mainfile.o(.ARM.exidx.text.ledInit), (8 bytes).
    Removing mainfile.o(.ARM.exidx.text.Send_ADC_Value), (8 bytes).
    Removing mainfile.o(.ARM.exidx.text.initADC), (8 bytes).
    Removing mainfile.o(.ARM.exidx.text.sysTickInit), (8 bytes).
    Removing mainfile.o(.bss.ADCValue), (4 bytes).
    Removing system_stm32l4xx.o(.text), (0 bytes).
    Removing system_stm32l4xx.o(.ARM.exidx.text.SystemInit), (8 bytes).
    Removing system_stm32l4xx.o(.text.SystemCoreClockUpdate), (398 bytes).
    Removing system_stm32l4xx.o(.ARM.exidx.text.SystemCoreClockUpdate), (8 bytes).
    Removing system_stm32l4xx.o(.data.SystemCoreClock), (4 bytes).
    Removing system_stm32l4xx.o(.rodata.AHBPrescTable), (16 bytes).
    Removing system_stm32l4xx.o(.rodata.APBPrescTable), (8 bytes).
    Removing system_stm32l4xx.o(.rodata.MSIRangeTable), (48 bytes).

46 unused section(s) (total 810 bytes) removed from the image.

==============================================================================

Image Symbol Table

    Local Symbols

    Symbol Name                              Value     Ov Type        Size  Object(Section)

    ../clib/heapaux.c                        0x00000000   Number         0  heapauxi.o ABSOLUTE
    RTE/Device/STM32L432KCUx/startup_stm32l432xx.s 0x00000000   Number         0  startup_stm32l432xx.o ABSOLUTE
    dc.s                                     0x00000000   Number         0  dc.o ABSOLUTE
    mainFile.c                               0x00000000   Number         0  mainfile.o ABSOLUTE
    system_stm32l4xx.c                       0x00000000   Number         0  system_stm32l4xx.o ABSOLUTE
    RESET                                    0x08000000   Section      396  startup_stm32l432xx.o(RESET)
    $v0                                      0x0800018c   Number         0  startup_stm32l432xx.o(.text)
    .text                                    0x0800018c   Section       64  startup_stm32l432xx.o(.text)
    .text                                    0x080001cc   Section        0  heapauxi.o(.text)
    [Anonymous Symbol]                       0x080001d4   Section        0  mainfile.o(.text.Send_ADC_Value)
    __tagsym$$used.0                         0x08000208   Number         0  mainfile.o(.text.SysTick_Handler)
    [Anonymous Symbol]                       0x08000208   Section        0  mainfile.o(.text.SysTick_Handler)
    [Anonymous Symbol]                       0x0800022c   Section        0  system_stm32l4xx.o(.text.SystemInit)
    __tagsym$$used.1                         0x08000298   Number         0  mainfile.o(.text.USART1_IRQHandler)
    [Anonymous Symbol]                       0x08000298   Section        0  mainfile.o(.text.USART1_IRQHandler)
    __tagsym$$used.2                         0x08000328   Number         0  mainfile.o(.text.USART2_IRQHandler)
    [Anonymous Symbol]                       0x08000328   Section        0  mainfile.o(.text.USART2_IRQHandler)
    __NVIC_EnableIRQ                         0x080003c5   Thumb Code    52  mainfile.o(.text.__NVIC_EnableIRQ)
    [Anonymous Symbol]                       0x080003c4   Section        0  mainfile.o(.text.__NVIC_EnableIRQ)
    __NVIC_SetPriority                       0x080003f9   Thumb Code    68  mainfile.o(.text.__NVIC_SetPriority)
    [Anonymous Symbol]                       0x080003f8   Section        0  mainfile.o(.text.__NVIC_SetPriority)
    [Anonymous Symbol]                       0x0800043c   Section        0  mainfile.o(.text.__main)
    [Anonymous Symbol]                       0x08000770   Section        0  mainfile.o(.text.busyWait)
    [Anonymous Symbol]                       0x08000798   Section        0  mainfile.o(.text.conv2Str)
    [Anonymous Symbol]                       0x080007d4   Section        0  mainfile.o(.text.enterSleepMode)
    [Anonymous Symbol]                       0x080007e8   Section        0  mainfile.o(.text.errorHandler)
    fifoIsEmpty                              0x0800083d   Thumb Code    24  mainfile.o(.text.fifoIsEmpty)
    [Anonymous Symbol]                       0x0800083c   Section        0  mainfile.o(.text.fifoIsEmpty)
    fifoIsFull                               0x08000855   Thumb Code    28  mainfile.o(.text.fifoIsFull)
    [Anonymous Symbol]                       0x08000854   Section        0  mainfile.o(.text.fifoIsFull)
    fifoPut                                  0x08000871   Thumb Code    34  mainfile.o(.text.fifoPut)
    [Anonymous Symbol]                       0x08000870   Section        0  mainfile.o(.text.fifoPut)
    fifoTake                                 0x08000895   Thumb Code    28  mainfile.o(.text.fifoTake)
    [Anonymous Symbol]                       0x08000894   Section        0  mainfile.o(.text.fifoTake)
    [Anonymous Symbol]                       0x080008b0   Section        0  mainfile.o(.text.initADC)
    itoa_simple_helper                       0x0800094d   Thumb Code    92  mainfile.o(.text.itoa_simple_helper)
    [Anonymous Symbol]                       0x0800094c   Section        0  mainfile.o(.text.itoa_simple_helper)
    ledInit                                  0x080009a9   Thumb Code   124  mainfile.o(.text.ledInit)
    [Anonymous Symbol]                       0x080009a8   Section        0  mainfile.o(.text.ledInit)
    ledOff                                   0x08000a25   Thumb Code    26  mainfile.o(.text.ledOff)
    [Anonymous Symbol]                       0x08000a24   Section        0  mainfile.o(.text.ledOff)
    ledOn                                    0x08000a41   Thumb Code    26  mainfile.o(.text.ledOn)
    [Anonymous Symbol]                       0x08000a40   Section        0  mainfile.o(.text.ledOn)
    [Anonymous Symbol]                       0x08000a5c   Section        0  mainfile.o(.text.sendString)
    setupIoPinRx                             0x08000a79   Thumb Code   216  mainfile.o(.text.setupIoPinRx)
    [Anonymous Symbol]                       0x08000a78   Section        0  mainfile.o(.text.setupIoPinRx)
    setupIoPinTx                             0x08000b51   Thumb Code   172  mainfile.o(.text.setupIoPinTx)
    [Anonymous Symbol]                       0x08000b50   Section        0  mainfile.o(.text.setupIoPinTx)
    [Anonymous Symbol]                       0x08000bfc   Section        0  mainfile.o(.text.sleepWait)
    [Anonymous Symbol]                       0x08000c1c   Section        0  mainfile.o(.text.sysTickGetCount)
    sysTickInit                              0x08000c29   Thumb Code    82  mainfile.o(.text.sysTickInit)
    [Anonymous Symbol]                       0x08000c28   Section        0  mainfile.o(.text.sysTickInit)
    [Anonymous Symbol]                       0x08000c7c   Section        0  mainfile.o(.text.usartGetChar)
    [Anonymous Symbol]                       0x08000cb0   Section        0  mainfile.o(.text.usartGetInFifo)
    [Anonymous Symbol]                       0x08000cec   Section        0  mainfile.o(.text.usartGetIrqN)
    [Anonymous Symbol]                       0x08000d2c   Section        0  mainfile.o(.text.usartGetOutFifo)
    [Anonymous Symbol]                       0x08000d68   Section        0  mainfile.o(.text.usartGetPtr)
    [Anonymous Symbol]                       0x08000da4   Section        0  mainfile.o(.text.usartInit)
    [Anonymous Symbol]                       0x08000edc   Section        0  mainfile.o(.text.usartPrint)
    [Anonymous Symbol]                       0x08000f04   Section        0  mainfile.o(.text.usartPutChar)
    mainCh                                   0x20000008   Data           4  mainfile.o(.data.mainCh)
    [Anonymous Symbol]                       0x20000008   Section        0  mainfile.o(.data.mainCh)
    mainDummy                                0x2000001c   Data           4  mainfile.o(.bss.mainDummy)
    [Anonymous Symbol]                       0x2000001c   Section        0  mainfile.o(.bss.mainDummy)
    Heap_Mem                                 0x20000428   Data         512  startup_stm32l432xx.o(HEAP)
    HEAP                                     0x20000428   Section      512  startup_stm32l432xx.o(HEAP)
    Stack_Mem                                0x20000628   Data        1024  startup_stm32l432xx.o(STACK)
    STACK                                    0x20000628   Section     1024  startup_stm32l432xx.o(STACK)
    __initial_sp                             0x20000a28   Data           0  startup_stm32l432xx.o(STACK)

    Global Symbols

    Symbol Name                              Value     Ov Type        Size  Object(Section)

    BuildAttributes$$THM_ISAv4$E$P$D$K$B$S$7EM$VFPi3$EXTD16$VFPS$VFMA$PE$A:L22UL41UL21$X:L11$S22US41US21$IEEE1$IW$~IW$USESV6$~STKCKD$USESV7$~SHL$OSPACE$ROPI$EBA8$STANDARDLIB$REQ8$PRES8$EABIv2 0x00000000   Number         0  anon$$obj.o ABSOLUTE
    __Vectors_Size                           0x0000018c   Number         0  startup_stm32l432xx.o ABSOLUTE
    __Vectors                                0x08000000   Data           4  startup_stm32l432xx.o(RESET)
    Reset_Handler                            0x0800018d   Thumb Code     8  startup_stm32l432xx.o(.text)
    __Vectors_End                            0x0800018c   Data           0  startup_stm32l432xx.o(RESET)
    NMI_Handler                              0x08000195   Thumb Code     2  startup_stm32l432xx.o(.text)
    HardFault_Handler                        0x08000197   Thumb Code     2  startup_stm32l432xx.o(.text)
    MemManage_Handler                        0x08000199   Thumb Code     2  startup_stm32l432xx.o(.text)
    BusFault_Handler                         0x0800019b   Thumb Code     2  startup_stm32l432xx.o(.text)
    UsageFault_Handler                       0x0800019d   Thumb Code     2  startup_stm32l432xx.o(.text)
    SVC_Handler                              0x0800019f   Thumb Code     2  startup_stm32l432xx.o(.text)
    DebugMon_Handler                         0x080001a1   Thumb Code     2  startup_stm32l432xx.o(.text)
    PendSV_Handler                           0x080001a3   Thumb Code     2  startup_stm32l432xx.o(.text)
    ADC1_IRQHandler                          0x080001a7   Thumb Code     0  startup_stm32l432xx.o(.text)
    CAN1_RX0_IRQHandler                      0x080001a7   Thumb Code     0  startup_stm32l432xx.o(.text)
    CAN1_RX1_IRQHandler                      0x080001a7   Thumb Code     0  startup_stm32l432xx.o(.text)
    CAN1_SCE_IRQHandler                      0x080001a7   Thumb Code     0  startup_stm32l432xx.o(.text)
    CAN1_TX_IRQHandler                       0x080001a7   Thumb Code     0  startup_stm32l432xx.o(.text)
    COMP_IRQHandler                          0x080001a7   Thumb Code     0  startup_stm32l432xx.o(.text)
    CRS_IRQHandler                           0x080001a7   Thumb Code     0  startup_stm32l432xx.o(.text)
    DMA1_Channel1_IRQHandler                 0x080001a7   Thumb Code     0  startup_stm32l432xx.o(.text)
    DMA1_Channel2_IRQHandler                 0x080001a7   Thumb Code     0  startup_stm32l432xx.o(.text)
    DMA1_Channel3_IRQHandler                 0x080001a7   Thumb Code     0  startup_stm32l432xx.o(.text)
    DMA1_Channel4_IRQHandler                 0x080001a7   Thumb Code     0  startup_stm32l432xx.o(.text)
    DMA1_Channel5_IRQHandler                 0x080001a7   Thumb Code     0  startup_stm32l432xx.o(.text)
    DMA1_Channel6_IRQHandler                 0x080001a7   Thumb Code     0  startup_stm32l432xx.o(.text)
    DMA1_Channel7_IRQHandler                 0x080001a7   Thumb Code     0  startup_stm32l432xx.o(.text)
    DMA2_Channel1_IRQHandler                 0x080001a7   Thumb Code     0  startup_stm32l432xx.o(.text)
    DMA2_Channel2_IRQHandler                 0x080001a7   Thumb Code     0  startup_stm32l432xx.o(.text)
    DMA2_Channel3_IRQHandler                 0x080001a7   Thumb Code     0  startup_stm32l432xx.o(.text)
    DMA2_Channel4_IRQHandler                 0x080001a7   Thumb Code     0  startup_stm32l432xx.o(.text)
    DMA2_Channel5_IRQHandler                 0x080001a7   Thumb Code     0  startup_stm32l432xx.o(.text)
    DMA2_Channel6_IRQHandler                 0x080001a7   Thumb Code     0  startup_stm32l432xx.o(.text)
    DMA2_Channel7_IRQHandler                 0x080001a7   Thumb Code     0  startup_stm32l432xx.o(.text)
    EXTI0_IRQHandler                         0x080001a7   Thumb Code     0  startup_stm32l432xx.o(.text)
    EXTI15_10_IRQHandler                     0x080001a7   Thumb Code     0  startup_stm32l432xx.o(.text)
    EXTI1_IRQHandler                         0x080001a7   Thumb Code     0  startup_stm32l432xx.o(.text)
    EXTI2_IRQHandler                         0x080001a7   Thumb Code     0  startup_stm32l432xx.o(.text)
    EXTI3_IRQHandler                         0x080001a7   Thumb Code     0  startup_stm32l432xx.o(.text)
    EXTI4_IRQHandler                         0x080001a7   Thumb Code     0  startup_stm32l432xx.o(.text)
    EXTI9_5_IRQHandler                       0x080001a7   Thumb Code     0  startup_stm32l432xx.o(.text)
    FLASH_IRQHandler                         0x080001a7   Thumb Code     0  startup_stm32l432xx.o(.text)
    FPU_IRQHandler                           0x080001a7   Thumb Code     0  startup_stm32l432xx.o(.text)
    I2C1_ER_IRQHandler                       0x080001a7   Thumb Code     0  startup_stm32l432xx.o(.text)
    I2C1_EV_IRQHandler                       0x080001a7   Thumb Code     0  startup_stm32l432xx.o(.text)
    I2C3_ER_IRQHandler                       0x080001a7   Thumb Code     0  startup_stm32l432xx.o(.text)
    I2C3_EV_IRQHandler                       0x080001a7   Thumb Code     0  startup_stm32l432xx.o(.text)
    LPTIM1_IRQHandler                        0x080001a7   Thumb Code     0  startup_stm32l432xx.o(.text)
    LPTIM2_IRQHandler                        0x080001a7   Thumb Code     0  startup_stm32l432xx.o(.text)
    LPUART1_IRQHandler                       0x080001a7   Thumb Code     0  startup_stm32l432xx.o(.text)
    PVD_PVM_IRQHandler                       0x080001a7   Thumb Code     0  startup_stm32l432xx.o(.text)
    QUADSPI_IRQHandler                       0x080001a7   Thumb Code     0  startup_stm32l432xx.o(.text)
    RCC_IRQHandler                           0x080001a7   Thumb Code     0  startup_stm32l432xx.o(.text)
    RNG_IRQHandler                           0x080001a7   Thumb Code     0  startup_stm32l432xx.o(.text)
    RTC_Alarm_IRQHandler                     0x080001a7   Thumb Code     0  startup_stm32l432xx.o(.text)
    RTC_WKUP_IRQHandler                      0x080001a7   Thumb Code     0  startup_stm32l432xx.o(.text)
    SAI1_IRQHandler                          0x080001a7   Thumb Code     0  startup_stm32l432xx.o(.text)
    SPI1_IRQHandler                          0x080001a7   Thumb Code     0  startup_stm32l432xx.o(.text)
    SPI3_IRQHandler                          0x080001a7   Thumb Code     0  startup_stm32l432xx.o(.text)
    SWPMI1_IRQHandler                        0x080001a7   Thumb Code     0  startup_stm32l432xx.o(.text)
    TAMP_STAMP_IRQHandler                    0x080001a7   Thumb Code     0  startup_stm32l432xx.o(.text)
    TIM1_BRK_TIM15_IRQHandler                0x080001a7   Thumb Code     0  startup_stm32l432xx.o(.text)
    TIM1_CC_IRQHandler                       0x080001a7   Thumb Code     0  startup_stm32l432xx.o(.text)
    TIM1_TRG_COM_IRQHandler                  0x080001a7   Thumb Code     0  startup_stm32l432xx.o(.text)
    TIM1_UP_TIM16_IRQHandler                 0x080001a7   Thumb Code     0  startup_stm32l432xx.o(.text)
    TIM2_IRQHandler                          0x080001a7   Thumb Code     0  startup_stm32l432xx.o(.text)
    TIM6_DAC_IRQHandler                      0x080001a7   Thumb Code     0  startup_stm32l432xx.o(.text)
    TIM7_IRQHandler                          0x080001a7   Thumb Code     0  startup_stm32l432xx.o(.text)
    TSC_IRQHandler                           0x080001a7   Thumb Code     0  startup_stm32l432xx.o(.text)
    USB_IRQHandler                           0x080001a7   Thumb Code     0  startup_stm32l432xx.o(.text)
    WWDG_IRQHandler                          0x080001a7   Thumb Code     0  startup_stm32l432xx.o(.text)
    __user_initial_stackheap                 0x080001a9   Thumb Code     0  startup_stm32l432xx.o(.text)
    __use_two_region_memory                  0x080001cd   Thumb Code     2  heapauxi.o(.text)
    __rt_heap_escrow$2region                 0x080001cf   Thumb Code     2  heapauxi.o(.text)
    __rt_heap_expand$2region                 0x080001d1   Thumb Code     2  heapauxi.o(.text)
    Send_ADC_Value                           0x080001d5   Thumb Code    52  mainfile.o(.text.Send_ADC_Value)
    SysTick_Handler                          0x08000209   Thumb Code    34  mainfile.o(.text.SysTick_Handler)
    SystemInit                               0x0800022d   Thumb Code   106  system_stm32l4xx.o(.text.SystemInit)
    USART1_IRQHandler                        0x08000299   Thumb Code   142  mainfile.o(.text.USART1_IRQHandler)
    USART2_IRQHandler                        0x08000329   Thumb Code   156  mainfile.o(.text.USART2_IRQHandler)
    __main                                   0x0800043d   Thumb Code   820  mainfile.o(.text.__main)
    busyWait                                 0x08000771   Thumb Code    40  mainfile.o(.text.busyWait)
    conv2Str                                 0x08000799   Thumb Code    60  mainfile.o(.text.conv2Str)
    enterSleepMode                           0x080007d5   Thumb Code    20  mainfile.o(.text.enterSleepMode)
    errorHandler                             0x080007e9   Thumb Code    84  mainfile.o(.text.errorHandler)
    initADC                                  0x080008b1   Thumb Code   154  mainfile.o(.text.initADC)
    sendString                               0x08000a5d   Thumb Code    28  mainfile.o(.text.sendString)
    sleepWait                                0x08000bfd   Thumb Code    32  mainfile.o(.text.sleepWait)
    sysTickGetCount                          0x08000c1d   Thumb Code    12  mainfile.o(.text.sysTickGetCount)
    usartGetChar                             0x08000c7d   Thumb Code    50  mainfile.o(.text.usartGetChar)
    usartGetInFifo                           0x08000cb1   Thumb Code    60  mainfile.o(.text.usartGetInFifo)
    usartGetIrqN                             0x08000ced   Thumb Code    62  mainfile.o(.text.usartGetIrqN)
    usartGetOutFifo                          0x08000d2d   Thumb Code    60  mainfile.o(.text.usartGetOutFifo)
    usartGetPtr                              0x08000d69   Thumb Code    60  mainfile.o(.text.usartGetPtr)
    usartInit                                0x08000da5   Thumb Code   310  mainfile.o(.text.usartInit)
    usartPrint                               0x08000edd   Thumb Code    40  mainfile.o(.text.usartPrint)
    usartPutChar                             0x08000f05   Thumb Code   102  mainfile.o(.text.usartPutChar)
    isOpen                                   0x20000000   Data           8  mainfile.o(.data.isOpen)
    sampleRate                               0x2000000c   Data           4  mainfile.o(.data.sampleRate)
    Mode                                     0x20000010   Data           4  mainfile.o(.bss.Mode)
    SendNow                                  0x20000014   Data           4  mainfile.o(.bss.SendNow)
    SysTickCount                             0x20000018   Data           4  mainfile.o(.bss.SysTickCount)
    usart1In                                 0x20000020   Data         258  mainfile.o(.bss.usart1In)
    usart1Out                                0x20000122   Data         258  mainfile.o(.bss.usart1Out)
    usart2In                                 0x20000224   Data         258  mainfile.o(.bss.usart2In)
    usart2Out                                0x20000326   Data         258  mainfile.o(.bss.usart2Out)



==============================================================================

Memory Map of the image

  Image Entry point : 0x0800018d

  Load Region LR_1 (Base: 0x08000000, Size: 0x00000f80, Max: 0xffffffff, ABSOLUTE)

    Execution Region ER_RO (Exec base: 0x08000000, Load base: 0x08000000, Size: 0x00000f6c, Max: 0xffffffff, ABSOLUTE)

    Exec Addr    Load Addr    Size         Type   Attr      Idx    E Section Name        Object

    0x08000000   0x08000000   0x0000018c   Data   RO           92    RESET               startup_stm32l432xx.o
    0x0800018c   0x0800018c   0x00000040   Code   RO           93  * .text               startup_stm32l432xx.o
    0x080001cc   0x080001cc   0x00000006   Code   RO          116    .text               c_w.l(heapauxi.o)
    0x080001d2   0x080001d2   0x00000002   PAD
    0x080001d4   0x080001d4   0x00000034   Code   RO           66    .text.Send_ADC_Value  mainfile.o
    0x08000208   0x08000208   0x00000022   Code   RO            2    .text.SysTick_Handler  mainfile.o
    0x0800022a   0x0800022a   0x00000002   PAD
    0x0800022c   0x0800022c   0x0000006a   Code   RO          100    .text.SystemInit    system_stm32l4xx.o
    0x08000296   0x08000296   0x00000002   PAD
    0x08000298   0x08000298   0x0000008e   Code   RO           18    .text.USART1_IRQHandler  mainfile.o
    0x08000326   0x08000326   0x00000002   PAD
    0x08000328   0x08000328   0x0000009c   Code   RO           26    .text.USART2_IRQHandler  mainfile.o
    0x080003c4   0x080003c4   0x00000034   Code   RO           44    .text.__NVIC_EnableIRQ  mainfile.o
    0x080003f8   0x080003f8   0x00000044   Code   RO           42    .text.__NVIC_SetPriority  mainfile.o
    0x0800043c   0x0800043c   0x00000334   Code   RO           62    .text.__main        mainfile.o
    0x08000770   0x08000770   0x00000028   Code   RO            6    .text.busyWait      mainfile.o
    0x08000798   0x08000798   0x0000003c   Code   RO           56    .text.conv2Str      mainfile.o
    0x080007d4   0x080007d4   0x00000014   Code   RO            8    .text.enterSleepMode  mainfile.o
    0x080007e8   0x080007e8   0x00000054   Code   RO           12    .text.errorHandler  mainfile.o
    0x0800083c   0x0800083c   0x00000018   Code   RO           22    .text.fifoIsEmpty   mainfile.o
    0x08000854   0x08000854   0x0000001c   Code   RO           48    .text.fifoIsFull    mainfile.o
    0x08000870   0x08000870   0x00000022   Code   RO           20    .text.fifoPut       mainfile.o
    0x08000892   0x08000892   0x00000002   PAD
    0x08000894   0x08000894   0x0000001c   Code   RO           24    .text.fifoTake      mainfile.o
    0x080008b0   0x080008b0   0x0000009a   Code   RO           68    .text.initADC       mainfile.o
    0x0800094a   0x0800094a   0x00000002   PAD
    0x0800094c   0x0800094c   0x0000005c   Code   RO           58    .text.itoa_simple_helper  mainfile.o
    0x080009a8   0x080009a8   0x0000007c   Code   RO           64    .text.ledInit       mainfile.o
    0x08000a24   0x08000a24   0x0000001a   Code   RO           16    .text.ledOff        mainfile.o
    0x08000a3e   0x08000a3e   0x00000002   PAD
    0x08000a40   0x08000a40   0x0000001a   Code   RO           14    .text.ledOn         mainfile.o
    0x08000a5a   0x08000a5a   0x00000002   PAD
    0x08000a5c   0x08000a5c   0x0000001c   Code   RO           54    .text.sendString    mainfile.o
    0x08000a78   0x08000a78   0x000000d8   Code   RO           40    .text.setupIoPinRx  mainfile.o
    0x08000b50   0x08000b50   0x000000ac   Code   RO           38    .text.setupIoPinTx  mainfile.o
    0x08000bfc   0x08000bfc   0x00000020   Code   RO           10    .text.sleepWait     mainfile.o
    0x08000c1c   0x08000c1c   0x0000000c   Code   RO            4    .text.sysTickGetCount  mainfile.o
    0x08000c28   0x08000c28   0x00000052   Code   RO           70    .text.sysTickInit   mainfile.o
    0x08000c7a   0x08000c7a   0x00000002   PAD
    0x08000c7c   0x08000c7c   0x00000032   Code   RO           50    .text.usartGetChar  mainfile.o
    0x08000cae   0x08000cae   0x00000002   PAD
    0x08000cb0   0x08000cb0   0x0000003c   Code   RO           32    .text.usartGetInFifo  mainfile.o
    0x08000cec   0x08000cec   0x0000003e   Code   RO           30    .text.usartGetIrqN  mainfile.o
    0x08000d2a   0x08000d2a   0x00000002   PAD
    0x08000d2c   0x08000d2c   0x0000003c   Code   RO           34    .text.usartGetOutFifo  mainfile.o
    0x08000d68   0x08000d68   0x0000003c   Code   RO           28    .text.usartGetPtr   mainfile.o
    0x08000da4   0x08000da4   0x00000136   Code   RO           36    .text.usartInit     mainfile.o
    0x08000eda   0x08000eda   0x00000002   PAD
    0x08000edc   0x08000edc   0x00000028   Code   RO           52    .text.usartPrint    mainfile.o
    0x08000f04   0x08000f04   0x00000066   Code   RO           46    .text.usartPutChar  mainfile.o


    Execution Region ER_RW (Exec base: 0x20000000, Load base: 0x08000f70, Size: 0x00000010, Max: 0xffffffff, ABSOLUTE)

    Exec Addr    Load Addr    Size         Type   Attr      Idx    E Section Name        Object

    0x20000000   0x08000f70   0x00000008   Data   RW           83    .data.isOpen        mainfile.o
    0x20000008   0x08000f78   0x00000004   Data   RW           82    .data.mainCh        mainfile.o
    0x2000000c   0x08000f7c   0x00000004   Data   RW           73    .data.sampleRate    mainfile.o


    Execution Region ER_ZI (Exec base: 0x20000010, Load base: 0x08000f80, Size: 0x00000a18, Max: 0xffffffff, ABSOLUTE)

    Exec Addr    Load Addr    Size         Type   Attr      Idx    E Section Name        Object

    0x20000010        -       0x00000004   Zero   RW           74    .bss.Mode           mainfile.o
    0x20000014        -       0x00000004   Zero   RW           75    .bss.SendNow        mainfile.o
    0x20000018        -       0x00000004   Zero   RW           76    .bss.SysTickCount   mainfile.o
    0x2000001c        -       0x00000004   Zero   RW           77    .bss.mainDummy      mainfile.o
    0x20000020        -       0x00000102   Zero   RW           78    .bss.usart1In       mainfile.o
    0x20000122        -       0x00000102   Zero   RW           79    .bss.usart1Out      mainfile.o
    0x20000224        -       0x00000102   Zero   RW           80    .bss.usart2In       mainfile.o
    0x20000326        -       0x00000102   Zero   RW           81    .bss.usart2Out      mainfile.o
    0x20000428        -       0x00000200   Zero   RW           91    HEAP                startup_stm32l432xx.o
    0x20000628        -       0x00000400   Zero   RW           90    STACK               startup_stm32l432xx.o


==============================================================================

Image component sizes


      Code (inc. data)   RO Data    RW Data    ZI Data      Debug   Object Name

      3350          0          0         16       1048      12830   mainfile.o
        64         26        396          0       1536        868   startup_stm32l432xx.o
       106          0          0          0          0       3084   system_stm32l4xx.o

    ----------------------------------------------------------------------
      3544         26        396         16       2584      16782   Object Totals
         0          0          0          0          0          0   (incl. Generated)
        24          0          0          0          0          0   (incl. Padding)

    ----------------------------------------------------------------------

      Code (inc. data)   RO Data    RW Data    ZI Data      Debug   Library Member Name

         6          0          0          0          0        152   heapauxi.o

    ----------------------------------------------------------------------
         8          0          0          0          0        152   Library Totals
         2          0          0          0          0          0   (incl. Padding)

    ----------------------------------------------------------------------

      Code (inc. data)   RO Data    RW Data    ZI Data      Debug   Library Name

         6          0          0          0          0        152   c_w.l

    ----------------------------------------------------------------------
         8          0          0          0          0        152   Library Totals

    ----------------------------------------------------------------------

==============================================================================


      Code (inc. data)   RO Data    RW Data    ZI Data      Debug   

      3552         26        396         16       2584      16918   Grand Totals
      3552         26        396         16       2584      16918   ELF Image Totals
      3552         26        396         16          0          0   ROM Totals

==============================================================================

    Total RO  Size (Code + RO Data)                 3948 (   3.86kB)
    Total RW  Size (RW Data + ZI Data)              2600 (   2.54kB)
    Total ROM Size (Code + RO Data + RW Data)       3964 (   3.87kB)

==============================================================================

