<!doctype html public "-//w3c//dtd html 4.0 transitional//en">
<html><head>
<title>Static Call Graph - [.\Objects\blink.axf]</title></head>
<body><HR>
<H1>Static Call Graph for image .\Objects\blink.axf</H1><HR>
<BR><P>#&#060CALLGRAPH&#062# ARM Linker, 6140002: Last Updated: Wed May 13 04:22:06 2020
<BR><P>
<H3>Maximum Stack Usage =        244 bytes + Unknown(Functions without stacksize, Cycles, Untraceable Function Pointers)</H3><H3>
Call chain for Maximum Stack Depth:</H3>
__main &rArr; Send_ADC_Value &rArr; sendString &rArr; usartPrint &rArr; usartPutChar &rArr; usartGetOutFifo
<P>
<H3>
Functions with no stack information
</H3><UL>
 <LI><a href="#[48]">__user_initial_stackheap</a>
</UL>
</UL>
<P>
<H3>
Mutually Recursive functions
</H3> <LI><a href="#[1]">NMI_Handler</a>&nbsp;&nbsp;&nbsp;&rArr;&nbsp;&nbsp;&nbsp;<a href="#[1]">NMI_Handler</a><BR>
 <LI><a href="#[2]">HardFault_Handler</a>&nbsp;&nbsp;&nbsp;&rArr;&nbsp;&nbsp;&nbsp;<a href="#[2]">HardFault_Handler</a><BR>
 <LI><a href="#[3]">MemManage_Handler</a>&nbsp;&nbsp;&nbsp;&rArr;&nbsp;&nbsp;&nbsp;<a href="#[3]">MemManage_Handler</a><BR>
 <LI><a href="#[4]">BusFault_Handler</a>&nbsp;&nbsp;&nbsp;&rArr;&nbsp;&nbsp;&nbsp;<a href="#[4]">BusFault_Handler</a><BR>
 <LI><a href="#[5]">UsageFault_Handler</a>&nbsp;&nbsp;&nbsp;&rArr;&nbsp;&nbsp;&nbsp;<a href="#[5]">UsageFault_Handler</a><BR>
 <LI><a href="#[6]">SVC_Handler</a>&nbsp;&nbsp;&nbsp;&rArr;&nbsp;&nbsp;&nbsp;<a href="#[6]">SVC_Handler</a><BR>
 <LI><a href="#[7]">DebugMon_Handler</a>&nbsp;&nbsp;&nbsp;&rArr;&nbsp;&nbsp;&nbsp;<a href="#[7]">DebugMon_Handler</a><BR>
 <LI><a href="#[8]">PendSV_Handler</a>&nbsp;&nbsp;&nbsp;&rArr;&nbsp;&nbsp;&nbsp;<a href="#[8]">PendSV_Handler</a><BR>
 <LI><a href="#[1c]">ADC1_IRQHandler</a>&nbsp;&nbsp;&nbsp;&rArr;&nbsp;&nbsp;&nbsp;<a href="#[1c]">ADC1_IRQHandler</a><BR>
 <LI><a href="#[5a]">itoa_simple_helper</a>&nbsp;&nbsp;&nbsp;&rArr;&nbsp;&nbsp;&nbsp;<a href="#[5a]">itoa_simple_helper</a><BR>
</UL>
<P>
<H3>
Function Pointers
</H3><UL>
 <LI><a href="#[1c]">ADC1_IRQHandler</a> from startup_stm32l432xx.o(.text) referenced from startup_stm32l432xx.o(RESET)
 <LI><a href="#[4]">BusFault_Handler</a> from startup_stm32l432xx.o(.text) referenced from startup_stm32l432xx.o(RESET)
 <LI><a href="#[1e]">CAN1_RX0_IRQHandler</a> from startup_stm32l432xx.o(.text) referenced from startup_stm32l432xx.o(RESET)
 <LI><a href="#[1f]">CAN1_RX1_IRQHandler</a> from startup_stm32l432xx.o(.text) referenced from startup_stm32l432xx.o(RESET)
 <LI><a href="#[20]">CAN1_SCE_IRQHandler</a> from startup_stm32l432xx.o(.text) referenced from startup_stm32l432xx.o(RESET)
 <LI><a href="#[1d]">CAN1_TX_IRQHandler</a> from startup_stm32l432xx.o(.text) referenced from startup_stm32l432xx.o(RESET)
 <LI><a href="#[36]">COMP_IRQHandler</a> from startup_stm32l432xx.o(.text) referenced from startup_stm32l432xx.o(RESET)
 <LI><a href="#[45]">CRS_IRQHandler</a> from startup_stm32l432xx.o(.text) referenced from startup_stm32l432xx.o(RESET)
 <LI><a href="#[15]">DMA1_Channel1_IRQHandler</a> from startup_stm32l432xx.o(.text) referenced from startup_stm32l432xx.o(RESET)
 <LI><a href="#[16]">DMA1_Channel2_IRQHandler</a> from startup_stm32l432xx.o(.text) referenced from startup_stm32l432xx.o(RESET)
 <LI><a href="#[17]">DMA1_Channel3_IRQHandler</a> from startup_stm32l432xx.o(.text) referenced from startup_stm32l432xx.o(RESET)
 <LI><a href="#[18]">DMA1_Channel4_IRQHandler</a> from startup_stm32l432xx.o(.text) referenced from startup_stm32l432xx.o(RESET)
 <LI><a href="#[19]">DMA1_Channel5_IRQHandler</a> from startup_stm32l432xx.o(.text) referenced from startup_stm32l432xx.o(RESET)
 <LI><a href="#[1a]">DMA1_Channel6_IRQHandler</a> from startup_stm32l432xx.o(.text) referenced from startup_stm32l432xx.o(RESET)
 <LI><a href="#[1b]">DMA1_Channel7_IRQHandler</a> from startup_stm32l432xx.o(.text) referenced from startup_stm32l432xx.o(RESET)
 <LI><a href="#[31]">DMA2_Channel1_IRQHandler</a> from startup_stm32l432xx.o(.text) referenced from startup_stm32l432xx.o(RESET)
 <LI><a href="#[32]">DMA2_Channel2_IRQHandler</a> from startup_stm32l432xx.o(.text) referenced from startup_stm32l432xx.o(RESET)
 <LI><a href="#[33]">DMA2_Channel3_IRQHandler</a> from startup_stm32l432xx.o(.text) referenced from startup_stm32l432xx.o(RESET)
 <LI><a href="#[34]">DMA2_Channel4_IRQHandler</a> from startup_stm32l432xx.o(.text) referenced from startup_stm32l432xx.o(RESET)
 <LI><a href="#[35]">DMA2_Channel5_IRQHandler</a> from startup_stm32l432xx.o(.text) referenced from startup_stm32l432xx.o(RESET)
 <LI><a href="#[3a]">DMA2_Channel6_IRQHandler</a> from startup_stm32l432xx.o(.text) referenced from startup_stm32l432xx.o(RESET)
 <LI><a href="#[3b]">DMA2_Channel7_IRQHandler</a> from startup_stm32l432xx.o(.text) referenced from startup_stm32l432xx.o(RESET)
 <LI><a href="#[7]">DebugMon_Handler</a> from startup_stm32l432xx.o(.text) referenced from startup_stm32l432xx.o(RESET)
 <LI><a href="#[10]">EXTI0_IRQHandler</a> from startup_stm32l432xx.o(.text) referenced from startup_stm32l432xx.o(RESET)
 <LI><a href="#[2c]">EXTI15_10_IRQHandler</a> from startup_stm32l432xx.o(.text) referenced from startup_stm32l432xx.o(RESET)
 <LI><a href="#[11]">EXTI1_IRQHandler</a> from startup_stm32l432xx.o(.text) referenced from startup_stm32l432xx.o(RESET)
 <LI><a href="#[12]">EXTI2_IRQHandler</a> from startup_stm32l432xx.o(.text) referenced from startup_stm32l432xx.o(RESET)
 <LI><a href="#[13]">EXTI3_IRQHandler</a> from startup_stm32l432xx.o(.text) referenced from startup_stm32l432xx.o(RESET)
 <LI><a href="#[14]">EXTI4_IRQHandler</a> from startup_stm32l432xx.o(.text) referenced from startup_stm32l432xx.o(RESET)
 <LI><a href="#[21]">EXTI9_5_IRQHandler</a> from startup_stm32l432xx.o(.text) referenced from startup_stm32l432xx.o(RESET)
 <LI><a href="#[e]">FLASH_IRQHandler</a> from startup_stm32l432xx.o(.text) referenced from startup_stm32l432xx.o(RESET)
 <LI><a href="#[44]">FPU_IRQHandler</a> from startup_stm32l432xx.o(.text) referenced from startup_stm32l432xx.o(RESET)
 <LI><a href="#[2]">HardFault_Handler</a> from startup_stm32l432xx.o(.text) referenced from startup_stm32l432xx.o(RESET)
 <LI><a href="#[28]">I2C1_ER_IRQHandler</a> from startup_stm32l432xx.o(.text) referenced from startup_stm32l432xx.o(RESET)
 <LI><a href="#[27]">I2C1_EV_IRQHandler</a> from startup_stm32l432xx.o(.text) referenced from startup_stm32l432xx.o(RESET)
 <LI><a href="#[3f]">I2C3_ER_IRQHandler</a> from startup_stm32l432xx.o(.text) referenced from startup_stm32l432xx.o(RESET)
 <LI><a href="#[3e]">I2C3_EV_IRQHandler</a> from startup_stm32l432xx.o(.text) referenced from startup_stm32l432xx.o(RESET)
 <LI><a href="#[37]">LPTIM1_IRQHandler</a> from startup_stm32l432xx.o(.text) referenced from startup_stm32l432xx.o(RESET)
 <LI><a href="#[38]">LPTIM2_IRQHandler</a> from startup_stm32l432xx.o(.text) referenced from startup_stm32l432xx.o(RESET)
 <LI><a href="#[3c]">LPUART1_IRQHandler</a> from startup_stm32l432xx.o(.text) referenced from startup_stm32l432xx.o(RESET)
 <LI><a href="#[3]">MemManage_Handler</a> from startup_stm32l432xx.o(.text) referenced from startup_stm32l432xx.o(RESET)
 <LI><a href="#[1]">NMI_Handler</a> from startup_stm32l432xx.o(.text) referenced from startup_stm32l432xx.o(RESET)
 <LI><a href="#[b]">PVD_PVM_IRQHandler</a> from startup_stm32l432xx.o(.text) referenced from startup_stm32l432xx.o(RESET)
 <LI><a href="#[8]">PendSV_Handler</a> from startup_stm32l432xx.o(.text) referenced from startup_stm32l432xx.o(RESET)
 <LI><a href="#[3d]">QUADSPI_IRQHandler</a> from startup_stm32l432xx.o(.text) referenced from startup_stm32l432xx.o(RESET)
 <LI><a href="#[f]">RCC_IRQHandler</a> from startup_stm32l432xx.o(.text) referenced from startup_stm32l432xx.o(RESET)
 <LI><a href="#[43]">RNG_IRQHandler</a> from startup_stm32l432xx.o(.text) referenced from startup_stm32l432xx.o(RESET)
 <LI><a href="#[2d]">RTC_Alarm_IRQHandler</a> from startup_stm32l432xx.o(.text) referenced from startup_stm32l432xx.o(RESET)
 <LI><a href="#[d]">RTC_WKUP_IRQHandler</a> from startup_stm32l432xx.o(.text) referenced from startup_stm32l432xx.o(RESET)
 <LI><a href="#[0]">Reset_Handler</a> from startup_stm32l432xx.o(.text) referenced from startup_stm32l432xx.o(RESET)
 <LI><a href="#[40]">SAI1_IRQHandler</a> from startup_stm32l432xx.o(.text) referenced from startup_stm32l432xx.o(RESET)
 <LI><a href="#[29]">SPI1_IRQHandler</a> from startup_stm32l432xx.o(.text) referenced from startup_stm32l432xx.o(RESET)
 <LI><a href="#[2e]">SPI3_IRQHandler</a> from startup_stm32l432xx.o(.text) referenced from startup_stm32l432xx.o(RESET)
 <LI><a href="#[6]">SVC_Handler</a> from startup_stm32l432xx.o(.text) referenced from startup_stm32l432xx.o(RESET)
 <LI><a href="#[41]">SWPMI1_IRQHandler</a> from startup_stm32l432xx.o(.text) referenced from startup_stm32l432xx.o(RESET)
 <LI><a href="#[9]">SysTick_Handler</a> from mainfile.o(.text.SysTick_Handler) referenced from startup_stm32l432xx.o(RESET)
 <LI><a href="#[46]">SystemInit</a> from system_stm32l4xx.o(.text.SystemInit) referenced from startup_stm32l432xx.o(.text)
 <LI><a href="#[c]">TAMP_STAMP_IRQHandler</a> from startup_stm32l432xx.o(.text) referenced from startup_stm32l432xx.o(RESET)
 <LI><a href="#[22]">TIM1_BRK_TIM15_IRQHandler</a> from startup_stm32l432xx.o(.text) referenced from startup_stm32l432xx.o(RESET)
 <LI><a href="#[25]">TIM1_CC_IRQHandler</a> from startup_stm32l432xx.o(.text) referenced from startup_stm32l432xx.o(RESET)
 <LI><a href="#[24]">TIM1_TRG_COM_IRQHandler</a> from startup_stm32l432xx.o(.text) referenced from startup_stm32l432xx.o(RESET)
 <LI><a href="#[23]">TIM1_UP_TIM16_IRQHandler</a> from startup_stm32l432xx.o(.text) referenced from startup_stm32l432xx.o(RESET)
 <LI><a href="#[26]">TIM2_IRQHandler</a> from startup_stm32l432xx.o(.text) referenced from startup_stm32l432xx.o(RESET)
 <LI><a href="#[2f]">TIM6_DAC_IRQHandler</a> from startup_stm32l432xx.o(.text) referenced from startup_stm32l432xx.o(RESET)
 <LI><a href="#[30]">TIM7_IRQHandler</a> from startup_stm32l432xx.o(.text) referenced from startup_stm32l432xx.o(RESET)
 <LI><a href="#[42]">TSC_IRQHandler</a> from startup_stm32l432xx.o(.text) referenced from startup_stm32l432xx.o(RESET)
 <LI><a href="#[2a]">USART1_IRQHandler</a> from mainfile.o(.text.USART1_IRQHandler) referenced from startup_stm32l432xx.o(RESET)
 <LI><a href="#[2b]">USART2_IRQHandler</a> from mainfile.o(.text.USART2_IRQHandler) referenced from startup_stm32l432xx.o(RESET)
 <LI><a href="#[39]">USB_IRQHandler</a> from startup_stm32l432xx.o(.text) referenced from startup_stm32l432xx.o(RESET)
 <LI><a href="#[5]">UsageFault_Handler</a> from startup_stm32l432xx.o(.text) referenced from startup_stm32l432xx.o(RESET)
 <LI><a href="#[a]">WWDG_IRQHandler</a> from startup_stm32l432xx.o(.text) referenced from startup_stm32l432xx.o(RESET)
 <LI><a href="#[47]">__main</a> from mainfile.o(.text.__main) referenced from startup_stm32l432xx.o(.text)
</UL>
<P>
<H3>
Global Symbols
</H3>
<P><STRONG><a name="[0]"></a>Reset_Handler</STRONG> (Thumb, 8 bytes, Stack size 0 bytes, startup_stm32l432xx.o(.text))
<BR>[Address Reference Count : 1]<UL><LI> startup_stm32l432xx.o(RESET)
</UL>
<P><STRONG><a name="[1]"></a>NMI_Handler</STRONG> (Thumb, 2 bytes, Stack size 0 bytes, startup_stm32l432xx.o(.text))
<BR><BR>[Calls]<UL><LI><a href="#[1]">&gt;&gt;</a>&nbsp;&nbsp;&nbsp;NMI_Handler
</UL>
<BR>[Called By]<UL><LI><a href="#[1]">&gt;&gt;</a>&nbsp;&nbsp;&nbsp;NMI_Handler
</UL>
<BR>[Address Reference Count : 1]<UL><LI> startup_stm32l432xx.o(RESET)
</UL>
<P><STRONG><a name="[2]"></a>HardFault_Handler</STRONG> (Thumb, 2 bytes, Stack size 0 bytes, startup_stm32l432xx.o(.text))
<BR><BR>[Calls]<UL><LI><a href="#[2]">&gt;&gt;</a>&nbsp;&nbsp;&nbsp;HardFault_Handler
</UL>
<BR>[Called By]<UL><LI><a href="#[2]">&gt;&gt;</a>&nbsp;&nbsp;&nbsp;HardFault_Handler
</UL>
<BR>[Address Reference Count : 1]<UL><LI> startup_stm32l432xx.o(RESET)
</UL>
<P><STRONG><a name="[3]"></a>MemManage_Handler</STRONG> (Thumb, 2 bytes, Stack size 0 bytes, startup_stm32l432xx.o(.text))
<BR><BR>[Calls]<UL><LI><a href="#[3]">&gt;&gt;</a>&nbsp;&nbsp;&nbsp;MemManage_Handler
</UL>
<BR>[Called By]<UL><LI><a href="#[3]">&gt;&gt;</a>&nbsp;&nbsp;&nbsp;MemManage_Handler
</UL>
<BR>[Address Reference Count : 1]<UL><LI> startup_stm32l432xx.o(RESET)
</UL>
<P><STRONG><a name="[4]"></a>BusFault_Handler</STRONG> (Thumb, 2 bytes, Stack size 0 bytes, startup_stm32l432xx.o(.text))
<BR><BR>[Calls]<UL><LI><a href="#[4]">&gt;&gt;</a>&nbsp;&nbsp;&nbsp;BusFault_Handler
</UL>
<BR>[Called By]<UL><LI><a href="#[4]">&gt;&gt;</a>&nbsp;&nbsp;&nbsp;BusFault_Handler
</UL>
<BR>[Address Reference Count : 1]<UL><LI> startup_stm32l432xx.o(RESET)
</UL>
<P><STRONG><a name="[5]"></a>UsageFault_Handler</STRONG> (Thumb, 2 bytes, Stack size 0 bytes, startup_stm32l432xx.o(.text))
<BR><BR>[Calls]<UL><LI><a href="#[5]">&gt;&gt;</a>&nbsp;&nbsp;&nbsp;UsageFault_Handler
</UL>
<BR>[Called By]<UL><LI><a href="#[5]">&gt;&gt;</a>&nbsp;&nbsp;&nbsp;UsageFault_Handler
</UL>
<BR>[Address Reference Count : 1]<UL><LI> startup_stm32l432xx.o(RESET)
</UL>
<P><STRONG><a name="[6]"></a>SVC_Handler</STRONG> (Thumb, 2 bytes, Stack size 0 bytes, startup_stm32l432xx.o(.text))
<BR><BR>[Calls]<UL><LI><a href="#[6]">&gt;&gt;</a>&nbsp;&nbsp;&nbsp;SVC_Handler
</UL>
<BR>[Called By]<UL><LI><a href="#[6]">&gt;&gt;</a>&nbsp;&nbsp;&nbsp;SVC_Handler
</UL>
<BR>[Address Reference Count : 1]<UL><LI> startup_stm32l432xx.o(RESET)
</UL>
<P><STRONG><a name="[7]"></a>DebugMon_Handler</STRONG> (Thumb, 2 bytes, Stack size 0 bytes, startup_stm32l432xx.o(.text))
<BR><BR>[Calls]<UL><LI><a href="#[7]">&gt;&gt;</a>&nbsp;&nbsp;&nbsp;DebugMon_Handler
</UL>
<BR>[Called By]<UL><LI><a href="#[7]">&gt;&gt;</a>&nbsp;&nbsp;&nbsp;DebugMon_Handler
</UL>
<BR>[Address Reference Count : 1]<UL><LI> startup_stm32l432xx.o(RESET)
</UL>
<P><STRONG><a name="[8]"></a>PendSV_Handler</STRONG> (Thumb, 2 bytes, Stack size 0 bytes, startup_stm32l432xx.o(.text))
<BR><BR>[Calls]<UL><LI><a href="#[8]">&gt;&gt;</a>&nbsp;&nbsp;&nbsp;PendSV_Handler
</UL>
<BR>[Called By]<UL><LI><a href="#[8]">&gt;&gt;</a>&nbsp;&nbsp;&nbsp;PendSV_Handler
</UL>
<BR>[Address Reference Count : 1]<UL><LI> startup_stm32l432xx.o(RESET)
</UL>
<P><STRONG><a name="[1c]"></a>ADC1_IRQHandler</STRONG> (Thumb, 0 bytes, Stack size 0 bytes, startup_stm32l432xx.o(.text))
<BR><BR>[Calls]<UL><LI><a href="#[1c]">&gt;&gt;</a>&nbsp;&nbsp;&nbsp;ADC1_IRQHandler
</UL>
<BR>[Called By]<UL><LI><a href="#[1c]">&gt;&gt;</a>&nbsp;&nbsp;&nbsp;ADC1_IRQHandler
</UL>
<BR>[Address Reference Count : 1]<UL><LI> startup_stm32l432xx.o(RESET)
</UL>
<P><STRONG><a name="[1e]"></a>CAN1_RX0_IRQHandler</STRONG> (Thumb, 0 bytes, Stack size 0 bytes, startup_stm32l432xx.o(.text))
<BR>[Address Reference Count : 1]<UL><LI> startup_stm32l432xx.o(RESET)
</UL>
<P><STRONG><a name="[1f]"></a>CAN1_RX1_IRQHandler</STRONG> (Thumb, 0 bytes, Stack size 0 bytes, startup_stm32l432xx.o(.text))
<BR>[Address Reference Count : 1]<UL><LI> startup_stm32l432xx.o(RESET)
</UL>
<P><STRONG><a name="[20]"></a>CAN1_SCE_IRQHandler</STRONG> (Thumb, 0 bytes, Stack size 0 bytes, startup_stm32l432xx.o(.text))
<BR>[Address Reference Count : 1]<UL><LI> startup_stm32l432xx.o(RESET)
</UL>
<P><STRONG><a name="[1d]"></a>CAN1_TX_IRQHandler</STRONG> (Thumb, 0 bytes, Stack size 0 bytes, startup_stm32l432xx.o(.text))
<BR>[Address Reference Count : 1]<UL><LI> startup_stm32l432xx.o(RESET)
</UL>
<P><STRONG><a name="[36]"></a>COMP_IRQHandler</STRONG> (Thumb, 0 bytes, Stack size 0 bytes, startup_stm32l432xx.o(.text))
<BR>[Address Reference Count : 1]<UL><LI> startup_stm32l432xx.o(RESET)
</UL>
<P><STRONG><a name="[45]"></a>CRS_IRQHandler</STRONG> (Thumb, 0 bytes, Stack size 0 bytes, startup_stm32l432xx.o(.text))
<BR>[Address Reference Count : 1]<UL><LI> startup_stm32l432xx.o(RESET)
</UL>
<P><STRONG><a name="[15]"></a>DMA1_Channel1_IRQHandler</STRONG> (Thumb, 0 bytes, Stack size 0 bytes, startup_stm32l432xx.o(.text))
<BR>[Address Reference Count : 1]<UL><LI> startup_stm32l432xx.o(RESET)
</UL>
<P><STRONG><a name="[16]"></a>DMA1_Channel2_IRQHandler</STRONG> (Thumb, 0 bytes, Stack size 0 bytes, startup_stm32l432xx.o(.text))
<BR>[Address Reference Count : 1]<UL><LI> startup_stm32l432xx.o(RESET)
</UL>
<P><STRONG><a name="[17]"></a>DMA1_Channel3_IRQHandler</STRONG> (Thumb, 0 bytes, Stack size 0 bytes, startup_stm32l432xx.o(.text))
<BR>[Address Reference Count : 1]<UL><LI> startup_stm32l432xx.o(RESET)
</UL>
<P><STRONG><a name="[18]"></a>DMA1_Channel4_IRQHandler</STRONG> (Thumb, 0 bytes, Stack size 0 bytes, startup_stm32l432xx.o(.text))
<BR>[Address Reference Count : 1]<UL><LI> startup_stm32l432xx.o(RESET)
</UL>
<P><STRONG><a name="[19]"></a>DMA1_Channel5_IRQHandler</STRONG> (Thumb, 0 bytes, Stack size 0 bytes, startup_stm32l432xx.o(.text))
<BR>[Address Reference Count : 1]<UL><LI> startup_stm32l432xx.o(RESET)
</UL>
<P><STRONG><a name="[1a]"></a>DMA1_Channel6_IRQHandler</STRONG> (Thumb, 0 bytes, Stack size 0 bytes, startup_stm32l432xx.o(.text))
<BR>[Address Reference Count : 1]<UL><LI> startup_stm32l432xx.o(RESET)
</UL>
<P><STRONG><a name="[1b]"></a>DMA1_Channel7_IRQHandler</STRONG> (Thumb, 0 bytes, Stack size 0 bytes, startup_stm32l432xx.o(.text))
<BR>[Address Reference Count : 1]<UL><LI> startup_stm32l432xx.o(RESET)
</UL>
<P><STRONG><a name="[31]"></a>DMA2_Channel1_IRQHandler</STRONG> (Thumb, 0 bytes, Stack size 0 bytes, startup_stm32l432xx.o(.text))
<BR>[Address Reference Count : 1]<UL><LI> startup_stm32l432xx.o(RESET)
</UL>
<P><STRONG><a name="[32]"></a>DMA2_Channel2_IRQHandler</STRONG> (Thumb, 0 bytes, Stack size 0 bytes, startup_stm32l432xx.o(.text))
<BR>[Address Reference Count : 1]<UL><LI> startup_stm32l432xx.o(RESET)
</UL>
<P><STRONG><a name="[33]"></a>DMA2_Channel3_IRQHandler</STRONG> (Thumb, 0 bytes, Stack size 0 bytes, startup_stm32l432xx.o(.text))
<BR>[Address Reference Count : 1]<UL><LI> startup_stm32l432xx.o(RESET)
</UL>
<P><STRONG><a name="[34]"></a>DMA2_Channel4_IRQHandler</STRONG> (Thumb, 0 bytes, Stack size 0 bytes, startup_stm32l432xx.o(.text))
<BR>[Address Reference Count : 1]<UL><LI> startup_stm32l432xx.o(RESET)
</UL>
<P><STRONG><a name="[35]"></a>DMA2_Channel5_IRQHandler</STRONG> (Thumb, 0 bytes, Stack size 0 bytes, startup_stm32l432xx.o(.text))
<BR>[Address Reference Count : 1]<UL><LI> startup_stm32l432xx.o(RESET)
</UL>
<P><STRONG><a name="[3a]"></a>DMA2_Channel6_IRQHandler</STRONG> (Thumb, 0 bytes, Stack size 0 bytes, startup_stm32l432xx.o(.text))
<BR>[Address Reference Count : 1]<UL><LI> startup_stm32l432xx.o(RESET)
</UL>
<P><STRONG><a name="[3b]"></a>DMA2_Channel7_IRQHandler</STRONG> (Thumb, 0 bytes, Stack size 0 bytes, startup_stm32l432xx.o(.text))
<BR>[Address Reference Count : 1]<UL><LI> startup_stm32l432xx.o(RESET)
</UL>
<P><STRONG><a name="[10]"></a>EXTI0_IRQHandler</STRONG> (Thumb, 0 bytes, Stack size 0 bytes, startup_stm32l432xx.o(.text))
<BR>[Address Reference Count : 1]<UL><LI> startup_stm32l432xx.o(RESET)
</UL>
<P><STRONG><a name="[2c]"></a>EXTI15_10_IRQHandler</STRONG> (Thumb, 0 bytes, Stack size 0 bytes, startup_stm32l432xx.o(.text))
<BR>[Address Reference Count : 1]<UL><LI> startup_stm32l432xx.o(RESET)
</UL>
<P><STRONG><a name="[11]"></a>EXTI1_IRQHandler</STRONG> (Thumb, 0 bytes, Stack size 0 bytes, startup_stm32l432xx.o(.text))
<BR>[Address Reference Count : 1]<UL><LI> startup_stm32l432xx.o(RESET)
</UL>
<P><STRONG><a name="[12]"></a>EXTI2_IRQHandler</STRONG> (Thumb, 0 bytes, Stack size 0 bytes, startup_stm32l432xx.o(.text))
<BR>[Address Reference Count : 1]<UL><LI> startup_stm32l432xx.o(RESET)
</UL>
<P><STRONG><a name="[13]"></a>EXTI3_IRQHandler</STRONG> (Thumb, 0 bytes, Stack size 0 bytes, startup_stm32l432xx.o(.text))
<BR>[Address Reference Count : 1]<UL><LI> startup_stm32l432xx.o(RESET)
</UL>
<P><STRONG><a name="[14]"></a>EXTI4_IRQHandler</STRONG> (Thumb, 0 bytes, Stack size 0 bytes, startup_stm32l432xx.o(.text))
<BR>[Address Reference Count : 1]<UL><LI> startup_stm32l432xx.o(RESET)
</UL>
<P><STRONG><a name="[21]"></a>EXTI9_5_IRQHandler</STRONG> (Thumb, 0 bytes, Stack size 0 bytes, startup_stm32l432xx.o(.text))
<BR>[Address Reference Count : 1]<UL><LI> startup_stm32l432xx.o(RESET)
</UL>
<P><STRONG><a name="[e]"></a>FLASH_IRQHandler</STRONG> (Thumb, 0 bytes, Stack size 0 bytes, startup_stm32l432xx.o(.text))
<BR>[Address Reference Count : 1]<UL><LI> startup_stm32l432xx.o(RESET)
</UL>
<P><STRONG><a name="[44]"></a>FPU_IRQHandler</STRONG> (Thumb, 0 bytes, Stack size 0 bytes, startup_stm32l432xx.o(.text))
<BR>[Address Reference Count : 1]<UL><LI> startup_stm32l432xx.o(RESET)
</UL>
<P><STRONG><a name="[28]"></a>I2C1_ER_IRQHandler</STRONG> (Thumb, 0 bytes, Stack size 0 bytes, startup_stm32l432xx.o(.text))
<BR>[Address Reference Count : 1]<UL><LI> startup_stm32l432xx.o(RESET)
</UL>
<P><STRONG><a name="[27]"></a>I2C1_EV_IRQHandler</STRONG> (Thumb, 0 bytes, Stack size 0 bytes, startup_stm32l432xx.o(.text))
<BR>[Address Reference Count : 1]<UL><LI> startup_stm32l432xx.o(RESET)
</UL>
<P><STRONG><a name="[3f]"></a>I2C3_ER_IRQHandler</STRONG> (Thumb, 0 bytes, Stack size 0 bytes, startup_stm32l432xx.o(.text))
<BR>[Address Reference Count : 1]<UL><LI> startup_stm32l432xx.o(RESET)
</UL>
<P><STRONG><a name="[3e]"></a>I2C3_EV_IRQHandler</STRONG> (Thumb, 0 bytes, Stack size 0 bytes, startup_stm32l432xx.o(.text))
<BR>[Address Reference Count : 1]<UL><LI> startup_stm32l432xx.o(RESET)
</UL>
<P><STRONG><a name="[37]"></a>LPTIM1_IRQHandler</STRONG> (Thumb, 0 bytes, Stack size 0 bytes, startup_stm32l432xx.o(.text))
<BR>[Address Reference Count : 1]<UL><LI> startup_stm32l432xx.o(RESET)
</UL>
<P><STRONG><a name="[38]"></a>LPTIM2_IRQHandler</STRONG> (Thumb, 0 bytes, Stack size 0 bytes, startup_stm32l432xx.o(.text))
<BR>[Address Reference Count : 1]<UL><LI> startup_stm32l432xx.o(RESET)
</UL>
<P><STRONG><a name="[3c]"></a>LPUART1_IRQHandler</STRONG> (Thumb, 0 bytes, Stack size 0 bytes, startup_stm32l432xx.o(.text))
<BR>[Address Reference Count : 1]<UL><LI> startup_stm32l432xx.o(RESET)
</UL>
<P><STRONG><a name="[b]"></a>PVD_PVM_IRQHandler</STRONG> (Thumb, 0 bytes, Stack size 0 bytes, startup_stm32l432xx.o(.text))
<BR>[Address Reference Count : 1]<UL><LI> startup_stm32l432xx.o(RESET)
</UL>
<P><STRONG><a name="[3d]"></a>QUADSPI_IRQHandler</STRONG> (Thumb, 0 bytes, Stack size 0 bytes, startup_stm32l432xx.o(.text))
<BR>[Address Reference Count : 1]<UL><LI> startup_stm32l432xx.o(RESET)
</UL>
<P><STRONG><a name="[f]"></a>RCC_IRQHandler</STRONG> (Thumb, 0 bytes, Stack size 0 bytes, startup_stm32l432xx.o(.text))
<BR>[Address Reference Count : 1]<UL><LI> startup_stm32l432xx.o(RESET)
</UL>
<P><STRONG><a name="[43]"></a>RNG_IRQHandler</STRONG> (Thumb, 0 bytes, Stack size 0 bytes, startup_stm32l432xx.o(.text))
<BR>[Address Reference Count : 1]<UL><LI> startup_stm32l432xx.o(RESET)
</UL>
<P><STRONG><a name="[2d]"></a>RTC_Alarm_IRQHandler</STRONG> (Thumb, 0 bytes, Stack size 0 bytes, startup_stm32l432xx.o(.text))
<BR>[Address Reference Count : 1]<UL><LI> startup_stm32l432xx.o(RESET)
</UL>
<P><STRONG><a name="[d]"></a>RTC_WKUP_IRQHandler</STRONG> (Thumb, 0 bytes, Stack size 0 bytes, startup_stm32l432xx.o(.text))
<BR>[Address Reference Count : 1]<UL><LI> startup_stm32l432xx.o(RESET)
</UL>
<P><STRONG><a name="[40]"></a>SAI1_IRQHandler</STRONG> (Thumb, 0 bytes, Stack size 0 bytes, startup_stm32l432xx.o(.text))
<BR>[Address Reference Count : 1]<UL><LI> startup_stm32l432xx.o(RESET)
</UL>
<P><STRONG><a name="[29]"></a>SPI1_IRQHandler</STRONG> (Thumb, 0 bytes, Stack size 0 bytes, startup_stm32l432xx.o(.text))
<BR>[Address Reference Count : 1]<UL><LI> startup_stm32l432xx.o(RESET)
</UL>
<P><STRONG><a name="[2e]"></a>SPI3_IRQHandler</STRONG> (Thumb, 0 bytes, Stack size 0 bytes, startup_stm32l432xx.o(.text))
<BR>[Address Reference Count : 1]<UL><LI> startup_stm32l432xx.o(RESET)
</UL>
<P><STRONG><a name="[41]"></a>SWPMI1_IRQHandler</STRONG> (Thumb, 0 bytes, Stack size 0 bytes, startup_stm32l432xx.o(.text))
<BR>[Address Reference Count : 1]<UL><LI> startup_stm32l432xx.o(RESET)
</UL>
<P><STRONG><a name="[c]"></a>TAMP_STAMP_IRQHandler</STRONG> (Thumb, 0 bytes, Stack size 0 bytes, startup_stm32l432xx.o(.text))
<BR>[Address Reference Count : 1]<UL><LI> startup_stm32l432xx.o(RESET)
</UL>
<P><STRONG><a name="[22]"></a>TIM1_BRK_TIM15_IRQHandler</STRONG> (Thumb, 0 bytes, Stack size 0 bytes, startup_stm32l432xx.o(.text))
<BR>[Address Reference Count : 1]<UL><LI> startup_stm32l432xx.o(RESET)
</UL>
<P><STRONG><a name="[25]"></a>TIM1_CC_IRQHandler</STRONG> (Thumb, 0 bytes, Stack size 0 bytes, startup_stm32l432xx.o(.text))
<BR>[Address Reference Count : 1]<UL><LI> startup_stm32l432xx.o(RESET)
</UL>
<P><STRONG><a name="[24]"></a>TIM1_TRG_COM_IRQHandler</STRONG> (Thumb, 0 bytes, Stack size 0 bytes, startup_stm32l432xx.o(.text))
<BR>[Address Reference Count : 1]<UL><LI> startup_stm32l432xx.o(RESET)
</UL>
<P><STRONG><a name="[23]"></a>TIM1_UP_TIM16_IRQHandler</STRONG> (Thumb, 0 bytes, Stack size 0 bytes, startup_stm32l432xx.o(.text))
<BR>[Address Reference Count : 1]<UL><LI> startup_stm32l432xx.o(RESET)
</UL>
<P><STRONG><a name="[26]"></a>TIM2_IRQHandler</STRONG> (Thumb, 0 bytes, Stack size 0 bytes, startup_stm32l432xx.o(.text))
<BR>[Address Reference Count : 1]<UL><LI> startup_stm32l432xx.o(RESET)
</UL>
<P><STRONG><a name="[2f]"></a>TIM6_DAC_IRQHandler</STRONG> (Thumb, 0 bytes, Stack size 0 bytes, startup_stm32l432xx.o(.text))
<BR>[Address Reference Count : 1]<UL><LI> startup_stm32l432xx.o(RESET)
</UL>
<P><STRONG><a name="[30]"></a>TIM7_IRQHandler</STRONG> (Thumb, 0 bytes, Stack size 0 bytes, startup_stm32l432xx.o(.text))
<BR>[Address Reference Count : 1]<UL><LI> startup_stm32l432xx.o(RESET)
</UL>
<P><STRONG><a name="[42]"></a>TSC_IRQHandler</STRONG> (Thumb, 0 bytes, Stack size 0 bytes, startup_stm32l432xx.o(.text))
<BR>[Address Reference Count : 1]<UL><LI> startup_stm32l432xx.o(RESET)
</UL>
<P><STRONG><a name="[39]"></a>USB_IRQHandler</STRONG> (Thumb, 0 bytes, Stack size 0 bytes, startup_stm32l432xx.o(.text))
<BR>[Address Reference Count : 1]<UL><LI> startup_stm32l432xx.o(RESET)
</UL>
<P><STRONG><a name="[a]"></a>WWDG_IRQHandler</STRONG> (Thumb, 0 bytes, Stack size 0 bytes, startup_stm32l432xx.o(.text))
<BR>[Address Reference Count : 1]<UL><LI> startup_stm32l432xx.o(RESET)
</UL>
<P><STRONG><a name="[48]"></a>__user_initial_stackheap</STRONG> (Thumb, 0 bytes, Stack size unknown bytes, startup_stm32l432xx.o(.text), UNUSED, KEPT)

<P><STRONG><a name="[67]"></a>__use_two_region_memory</STRONG> (Thumb, 2 bytes, Stack size 0 bytes, heapauxi.o(.text), UNUSED)

<P><STRONG><a name="[68]"></a>__rt_heap_escrow$2region</STRONG> (Thumb, 2 bytes, Stack size 0 bytes, heapauxi.o(.text), UNUSED)

<P><STRONG><a name="[69]"></a>__rt_heap_expand$2region</STRONG> (Thumb, 2 bytes, Stack size 0 bytes, heapauxi.o(.text), UNUSED)

<P><STRONG><a name="[49]"></a>Send_ADC_Value</STRONG> (Thumb, 52 bytes, Stack size 112 bytes, mainfile.o(.text.Send_ADC_Value))
<BR><BR>[Stack]<UL><LI>Max Depth = 180<LI>Call Chain = Send_ADC_Value &rArr; sendString &rArr; usartPrint &rArr; usartPutChar &rArr; usartGetOutFifo
</UL>
<BR>[Calls]<UL><LI><a href="#[4b]">&gt;&gt;</a>&nbsp;&nbsp;&nbsp;sendString
<LI><a href="#[4a]">&gt;&gt;</a>&nbsp;&nbsp;&nbsp;conv2Str
</UL>
<BR>[Called By]<UL><LI><a href="#[47]">&gt;&gt;</a>&nbsp;&nbsp;&nbsp;__main
</UL>

<P><STRONG><a name="[9]"></a>SysTick_Handler</STRONG> (Thumb, 34 bytes, Stack size 16 bytes, mainfile.o(.text.SysTick_Handler))
<BR><BR>[Stack]<UL><LI>Max Depth = 16<LI>Call Chain = SysTick_Handler
</UL>
<BR>[Address Reference Count : 1]<UL><LI> startup_stm32l432xx.o(RESET)
</UL>
<P><STRONG><a name="[46]"></a>SystemInit</STRONG> (Thumb, 106 bytes, Stack size 0 bytes, system_stm32l4xx.o(.text.SystemInit))
<BR>[Address Reference Count : 1]<UL><LI> startup_stm32l432xx.o(.text)
</UL>
<P><STRONG><a name="[2a]"></a>USART1_IRQHandler</STRONG> (Thumb, 142 bytes, Stack size 16 bytes, mainfile.o(.text.USART1_IRQHandler))
<BR><BR>[Stack]<UL><LI>Max Depth = 24<LI>Call Chain = USART1_IRQHandler &rArr; fifoTake
</UL>
<BR>[Calls]<UL><LI><a href="#[4e]">&gt;&gt;</a>&nbsp;&nbsp;&nbsp;fifoTake
<LI><a href="#[4c]">&gt;&gt;</a>&nbsp;&nbsp;&nbsp;fifoPut
<LI><a href="#[4d]">&gt;&gt;</a>&nbsp;&nbsp;&nbsp;fifoIsEmpty
</UL>
<BR>[Address Reference Count : 1]<UL><LI> startup_stm32l432xx.o(RESET)
</UL>
<P><STRONG><a name="[2b]"></a>USART2_IRQHandler</STRONG> (Thumb, 156 bytes, Stack size 16 bytes, mainfile.o(.text.USART2_IRQHandler))
<BR><BR>[Stack]<UL><LI>Max Depth = 24<LI>Call Chain = USART2_IRQHandler &rArr; fifoTake
</UL>
<BR>[Calls]<UL><LI><a href="#[4e]">&gt;&gt;</a>&nbsp;&nbsp;&nbsp;fifoTake
<LI><a href="#[4c]">&gt;&gt;</a>&nbsp;&nbsp;&nbsp;fifoPut
<LI><a href="#[4d]">&gt;&gt;</a>&nbsp;&nbsp;&nbsp;fifoIsEmpty
</UL>
<BR>[Address Reference Count : 1]<UL><LI> startup_stm32l432xx.o(RESET)
</UL>
<P><STRONG><a name="[47]"></a>__main</STRONG> (Thumb, 820 bytes, Stack size 64 bytes, mainfile.o(.text.__main))
<BR><BR>[Stack]<UL><LI>Max Depth = 244<LI>Call Chain = __main &rArr; Send_ADC_Value &rArr; sendString &rArr; usartPrint &rArr; usartPutChar &rArr; usartGetOutFifo
</UL>
<BR>[Calls]<UL><LI><a href="#[50]">&gt;&gt;</a>&nbsp;&nbsp;&nbsp;usartInit
<LI><a href="#[58]">&gt;&gt;</a>&nbsp;&nbsp;&nbsp;usartGetChar
<LI><a href="#[54]">&gt;&gt;</a>&nbsp;&nbsp;&nbsp;sysTickGetCount
<LI><a href="#[53]">&gt;&gt;</a>&nbsp;&nbsp;&nbsp;initADC
<LI><a href="#[51]">&gt;&gt;</a>&nbsp;&nbsp;&nbsp;errorHandler
<LI><a href="#[59]">&gt;&gt;</a>&nbsp;&nbsp;&nbsp;enterSleepMode
<LI><a href="#[57]">&gt;&gt;</a>&nbsp;&nbsp;&nbsp;busyWait
<LI><a href="#[49]">&gt;&gt;</a>&nbsp;&nbsp;&nbsp;Send_ADC_Value
<LI><a href="#[4f]">&gt;&gt;</a>&nbsp;&nbsp;&nbsp;sysTickInit
<LI><a href="#[55]">&gt;&gt;</a>&nbsp;&nbsp;&nbsp;ledOn
<LI><a href="#[56]">&gt;&gt;</a>&nbsp;&nbsp;&nbsp;ledOff
<LI><a href="#[52]">&gt;&gt;</a>&nbsp;&nbsp;&nbsp;ledInit
</UL>
<BR>[Address Reference Count : 1]<UL><LI> startup_stm32l432xx.o(.text)
</UL>
<P><STRONG><a name="[57]"></a>busyWait</STRONG> (Thumb, 40 bytes, Stack size 4 bytes, mainfile.o(.text.busyWait))
<BR><BR>[Stack]<UL><LI>Max Depth = 4<LI>Call Chain = busyWait
</UL>
<BR>[Called By]<UL><LI><a href="#[50]">&gt;&gt;</a>&nbsp;&nbsp;&nbsp;usartInit
<LI><a href="#[47]">&gt;&gt;</a>&nbsp;&nbsp;&nbsp;__main
<LI><a href="#[4f]">&gt;&gt;</a>&nbsp;&nbsp;&nbsp;sysTickInit
</UL>

<P><STRONG><a name="[4a]"></a>conv2Str</STRONG> (Thumb, 60 bytes, Stack size 24 bytes, mainfile.o(.text.conv2Str))
<BR><BR>[Stack]<UL><LI>Max Depth = 40<LI>Call Chain = conv2Str &rArr; itoa_simple_helper &rArr;  itoa_simple_helper (Cycle)
</UL>
<BR>[Calls]<UL><LI><a href="#[5a]">&gt;&gt;</a>&nbsp;&nbsp;&nbsp;itoa_simple_helper
</UL>
<BR>[Called By]<UL><LI><a href="#[49]">&gt;&gt;</a>&nbsp;&nbsp;&nbsp;Send_ADC_Value
</UL>

<P><STRONG><a name="[59]"></a>enterSleepMode</STRONG> (Thumb, 20 bytes, Stack size 0 bytes, mainfile.o(.text.enterSleepMode))
<BR><BR>[Called By]<UL><LI><a href="#[5b]">&gt;&gt;</a>&nbsp;&nbsp;&nbsp;sleepWait
<LI><a href="#[47]">&gt;&gt;</a>&nbsp;&nbsp;&nbsp;__main
</UL>

<P><STRONG><a name="[51]"></a>errorHandler</STRONG> (Thumb, 84 bytes, Stack size 32 bytes, mainfile.o(.text.errorHandler))
<BR><BR>[Stack]<UL><LI>Max Depth = 48<LI>Call Chain = errorHandler &rArr; sleepWait
</UL>
<BR>[Calls]<UL><LI><a href="#[5b]">&gt;&gt;</a>&nbsp;&nbsp;&nbsp;sleepWait
<LI><a href="#[55]">&gt;&gt;</a>&nbsp;&nbsp;&nbsp;ledOn
<LI><a href="#[56]">&gt;&gt;</a>&nbsp;&nbsp;&nbsp;ledOff
</UL>
<BR>[Called By]<UL><LI><a href="#[47]">&gt;&gt;</a>&nbsp;&nbsp;&nbsp;__main
</UL>

<P><STRONG><a name="[53]"></a>initADC</STRONG> (Thumb, 154 bytes, Stack size 0 bytes, mainfile.o(.text.initADC))
<BR><BR>[Called By]<UL><LI><a href="#[47]">&gt;&gt;</a>&nbsp;&nbsp;&nbsp;__main
</UL>

<P><STRONG><a name="[4b]"></a>sendString</STRONG> (Thumb, 28 bytes, Stack size 16 bytes, mainfile.o(.text.sendString))
<BR><BR>[Stack]<UL><LI>Max Depth = 68<LI>Call Chain = sendString &rArr; usartPrint &rArr; usartPutChar &rArr; usartGetOutFifo
</UL>
<BR>[Calls]<UL><LI><a href="#[5d]">&gt;&gt;</a>&nbsp;&nbsp;&nbsp;usartPutChar
<LI><a href="#[5c]">&gt;&gt;</a>&nbsp;&nbsp;&nbsp;usartPrint
</UL>
<BR>[Called By]<UL><LI><a href="#[49]">&gt;&gt;</a>&nbsp;&nbsp;&nbsp;Send_ADC_Value
</UL>

<P><STRONG><a name="[5b]"></a>sleepWait</STRONG> (Thumb, 32 bytes, Stack size 16 bytes, mainfile.o(.text.sleepWait))
<BR><BR>[Stack]<UL><LI>Max Depth = 16<LI>Call Chain = sleepWait
</UL>
<BR>[Calls]<UL><LI><a href="#[59]">&gt;&gt;</a>&nbsp;&nbsp;&nbsp;enterSleepMode
</UL>
<BR>[Called By]<UL><LI><a href="#[51]">&gt;&gt;</a>&nbsp;&nbsp;&nbsp;errorHandler
</UL>

<P><STRONG><a name="[54]"></a>sysTickGetCount</STRONG> (Thumb, 12 bytes, Stack size 0 bytes, mainfile.o(.text.sysTickGetCount))
<BR><BR>[Called By]<UL><LI><a href="#[47]">&gt;&gt;</a>&nbsp;&nbsp;&nbsp;__main
</UL>

<P><STRONG><a name="[58]"></a>usartGetChar</STRONG> (Thumb, 50 bytes, Stack size 24 bytes, mainfile.o(.text.usartGetChar))
<BR><BR>[Stack]<UL><LI>Max Depth = 36<LI>Call Chain = usartGetChar &rArr; usartGetInFifo
</UL>
<BR>[Calls]<UL><LI><a href="#[5f]">&gt;&gt;</a>&nbsp;&nbsp;&nbsp;usartGetInFifo
<LI><a href="#[4e]">&gt;&gt;</a>&nbsp;&nbsp;&nbsp;fifoTake
<LI><a href="#[4d]">&gt;&gt;</a>&nbsp;&nbsp;&nbsp;fifoIsEmpty
</UL>
<BR>[Called By]<UL><LI><a href="#[47]">&gt;&gt;</a>&nbsp;&nbsp;&nbsp;__main
</UL>

<P><STRONG><a name="[5f]"></a>usartGetInFifo</STRONG> (Thumb, 60 bytes, Stack size 12 bytes, mainfile.o(.text.usartGetInFifo))
<BR><BR>[Stack]<UL><LI>Max Depth = 12<LI>Call Chain = usartGetInFifo
</UL>
<BR>[Called By]<UL><LI><a href="#[50]">&gt;&gt;</a>&nbsp;&nbsp;&nbsp;usartInit
<LI><a href="#[58]">&gt;&gt;</a>&nbsp;&nbsp;&nbsp;usartGetChar
</UL>

<P><STRONG><a name="[64]"></a>usartGetIrqN</STRONG> (Thumb, 62 bytes, Stack size 12 bytes, mainfile.o(.text.usartGetIrqN))
<BR><BR>[Stack]<UL><LI>Max Depth = 12<LI>Call Chain = usartGetIrqN
</UL>
<BR>[Called By]<UL><LI><a href="#[50]">&gt;&gt;</a>&nbsp;&nbsp;&nbsp;usartInit
</UL>

<P><STRONG><a name="[61]"></a>usartGetOutFifo</STRONG> (Thumb, 60 bytes, Stack size 12 bytes, mainfile.o(.text.usartGetOutFifo))
<BR><BR>[Stack]<UL><LI>Max Depth = 12<LI>Call Chain = usartGetOutFifo
</UL>
<BR>[Called By]<UL><LI><a href="#[5d]">&gt;&gt;</a>&nbsp;&nbsp;&nbsp;usartPutChar
<LI><a href="#[50]">&gt;&gt;</a>&nbsp;&nbsp;&nbsp;usartInit
</UL>

<P><STRONG><a name="[60]"></a>usartGetPtr</STRONG> (Thumb, 60 bytes, Stack size 12 bytes, mainfile.o(.text.usartGetPtr))
<BR><BR>[Stack]<UL><LI>Max Depth = 12<LI>Call Chain = usartGetPtr
</UL>
<BR>[Called By]<UL><LI><a href="#[50]">&gt;&gt;</a>&nbsp;&nbsp;&nbsp;usartInit
</UL>

<P><STRONG><a name="[50]"></a>usartInit</STRONG> (Thumb, 310 bytes, Stack size 72 bytes, mainfile.o(.text.usartInit))
<BR><BR>[Stack]<UL><LI>Max Depth = 96<LI>Call Chain = usartInit &rArr; setupIoPinTx
</UL>
<BR>[Calls]<UL><LI><a href="#[60]">&gt;&gt;</a>&nbsp;&nbsp;&nbsp;usartGetPtr
<LI><a href="#[61]">&gt;&gt;</a>&nbsp;&nbsp;&nbsp;usartGetOutFifo
<LI><a href="#[64]">&gt;&gt;</a>&nbsp;&nbsp;&nbsp;usartGetIrqN
<LI><a href="#[5f]">&gt;&gt;</a>&nbsp;&nbsp;&nbsp;usartGetInFifo
<LI><a href="#[57]">&gt;&gt;</a>&nbsp;&nbsp;&nbsp;busyWait
<LI><a href="#[62]">&gt;&gt;</a>&nbsp;&nbsp;&nbsp;setupIoPinTx
<LI><a href="#[63]">&gt;&gt;</a>&nbsp;&nbsp;&nbsp;setupIoPinRx
<LI><a href="#[5e]">&gt;&gt;</a>&nbsp;&nbsp;&nbsp;__NVIC_SetPriority
<LI><a href="#[65]">&gt;&gt;</a>&nbsp;&nbsp;&nbsp;__NVIC_EnableIRQ
</UL>
<BR>[Called By]<UL><LI><a href="#[47]">&gt;&gt;</a>&nbsp;&nbsp;&nbsp;__main
</UL>

<P><STRONG><a name="[5c]"></a>usartPrint</STRONG> (Thumb, 40 bytes, Stack size 16 bytes, mainfile.o(.text.usartPrint))
<BR><BR>[Stack]<UL><LI>Max Depth = 52<LI>Call Chain = usartPrint &rArr; usartPutChar &rArr; usartGetOutFifo
</UL>
<BR>[Calls]<UL><LI><a href="#[5d]">&gt;&gt;</a>&nbsp;&nbsp;&nbsp;usartPutChar
</UL>
<BR>[Called By]<UL><LI><a href="#[4b]">&gt;&gt;</a>&nbsp;&nbsp;&nbsp;sendString
</UL>

<P><STRONG><a name="[5d]"></a>usartPutChar</STRONG> (Thumb, 102 bytes, Stack size 24 bytes, mainfile.o(.text.usartPutChar))
<BR><BR>[Stack]<UL><LI>Max Depth = 36<LI>Call Chain = usartPutChar &rArr; usartGetOutFifo
</UL>
<BR>[Calls]<UL><LI><a href="#[61]">&gt;&gt;</a>&nbsp;&nbsp;&nbsp;usartGetOutFifo
<LI><a href="#[4c]">&gt;&gt;</a>&nbsp;&nbsp;&nbsp;fifoPut
<LI><a href="#[66]">&gt;&gt;</a>&nbsp;&nbsp;&nbsp;fifoIsFull
</UL>
<BR>[Called By]<UL><LI><a href="#[5c]">&gt;&gt;</a>&nbsp;&nbsp;&nbsp;usartPrint
<LI><a href="#[4b]">&gt;&gt;</a>&nbsp;&nbsp;&nbsp;sendString
</UL>
<P>
<H3>
Local Symbols
</H3>
<P><STRONG><a name="[65]"></a>__NVIC_EnableIRQ</STRONG> (Thumb, 52 bytes, Stack size 4 bytes, mainfile.o(.text.__NVIC_EnableIRQ))
<BR><BR>[Stack]<UL><LI>Max Depth = 4<LI>Call Chain = __NVIC_EnableIRQ
</UL>
<BR>[Called By]<UL><LI><a href="#[50]">&gt;&gt;</a>&nbsp;&nbsp;&nbsp;usartInit
</UL>

<P><STRONG><a name="[5e]"></a>__NVIC_SetPriority</STRONG> (Thumb, 68 bytes, Stack size 8 bytes, mainfile.o(.text.__NVIC_SetPriority))
<BR><BR>[Stack]<UL><LI>Max Depth = 8<LI>Call Chain = __NVIC_SetPriority
</UL>
<BR>[Called By]<UL><LI><a href="#[50]">&gt;&gt;</a>&nbsp;&nbsp;&nbsp;usartInit
<LI><a href="#[4f]">&gt;&gt;</a>&nbsp;&nbsp;&nbsp;sysTickInit
</UL>

<P><STRONG><a name="[4d]"></a>fifoIsEmpty</STRONG> (Thumb, 24 bytes, Stack size 4 bytes, mainfile.o(.text.fifoIsEmpty))
<BR><BR>[Stack]<UL><LI>Max Depth = 4<LI>Call Chain = fifoIsEmpty
</UL>
<BR>[Called By]<UL><LI><a href="#[58]">&gt;&gt;</a>&nbsp;&nbsp;&nbsp;usartGetChar
<LI><a href="#[2b]">&gt;&gt;</a>&nbsp;&nbsp;&nbsp;USART2_IRQHandler
<LI><a href="#[2a]">&gt;&gt;</a>&nbsp;&nbsp;&nbsp;USART1_IRQHandler
</UL>

<P><STRONG><a name="[66]"></a>fifoIsFull</STRONG> (Thumb, 28 bytes, Stack size 4 bytes, mainfile.o(.text.fifoIsFull))
<BR><BR>[Stack]<UL><LI>Max Depth = 4<LI>Call Chain = fifoIsFull
</UL>
<BR>[Called By]<UL><LI><a href="#[5d]">&gt;&gt;</a>&nbsp;&nbsp;&nbsp;usartPutChar
</UL>

<P><STRONG><a name="[4c]"></a>fifoPut</STRONG> (Thumb, 34 bytes, Stack size 8 bytes, mainfile.o(.text.fifoPut))
<BR><BR>[Stack]<UL><LI>Max Depth = 8<LI>Call Chain = fifoPut
</UL>
<BR>[Called By]<UL><LI><a href="#[5d]">&gt;&gt;</a>&nbsp;&nbsp;&nbsp;usartPutChar
<LI><a href="#[2b]">&gt;&gt;</a>&nbsp;&nbsp;&nbsp;USART2_IRQHandler
<LI><a href="#[2a]">&gt;&gt;</a>&nbsp;&nbsp;&nbsp;USART1_IRQHandler
</UL>

<P><STRONG><a name="[4e]"></a>fifoTake</STRONG> (Thumb, 28 bytes, Stack size 8 bytes, mainfile.o(.text.fifoTake))
<BR><BR>[Stack]<UL><LI>Max Depth = 8<LI>Call Chain = fifoTake
</UL>
<BR>[Called By]<UL><LI><a href="#[58]">&gt;&gt;</a>&nbsp;&nbsp;&nbsp;usartGetChar
<LI><a href="#[2b]">&gt;&gt;</a>&nbsp;&nbsp;&nbsp;USART2_IRQHandler
<LI><a href="#[2a]">&gt;&gt;</a>&nbsp;&nbsp;&nbsp;USART1_IRQHandler
</UL>

<P><STRONG><a name="[5a]"></a>itoa_simple_helper</STRONG> (Thumb, 92 bytes, Stack size 16 bytes, mainfile.o(.text.itoa_simple_helper))
<BR><BR>[Stack]<UL><LI>Max Depth = 16 + In Cycle
<LI>Call Chain = itoa_simple_helper &rArr;  itoa_simple_helper (Cycle)
</UL>
<BR>[Calls]<UL><LI><a href="#[5a]">&gt;&gt;</a>&nbsp;&nbsp;&nbsp;itoa_simple_helper
</UL>
<BR>[Called By]<UL><LI><a href="#[4a]">&gt;&gt;</a>&nbsp;&nbsp;&nbsp;conv2Str
<LI><a href="#[5a]">&gt;&gt;</a>&nbsp;&nbsp;&nbsp;itoa_simple_helper
</UL>

<P><STRONG><a name="[52]"></a>ledInit</STRONG> (Thumb, 124 bytes, Stack size 8 bytes, mainfile.o(.text.ledInit))
<BR><BR>[Stack]<UL><LI>Max Depth = 8<LI>Call Chain = ledInit
</UL>
<BR>[Called By]<UL><LI><a href="#[47]">&gt;&gt;</a>&nbsp;&nbsp;&nbsp;__main
</UL>

<P><STRONG><a name="[56]"></a>ledOff</STRONG> (Thumb, 26 bytes, Stack size 8 bytes, mainfile.o(.text.ledOff))
<BR><BR>[Stack]<UL><LI>Max Depth = 8<LI>Call Chain = ledOff
</UL>
<BR>[Called By]<UL><LI><a href="#[51]">&gt;&gt;</a>&nbsp;&nbsp;&nbsp;errorHandler
<LI><a href="#[47]">&gt;&gt;</a>&nbsp;&nbsp;&nbsp;__main
</UL>

<P><STRONG><a name="[55]"></a>ledOn</STRONG> (Thumb, 26 bytes, Stack size 8 bytes, mainfile.o(.text.ledOn))
<BR><BR>[Stack]<UL><LI>Max Depth = 8<LI>Call Chain = ledOn
</UL>
<BR>[Called By]<UL><LI><a href="#[51]">&gt;&gt;</a>&nbsp;&nbsp;&nbsp;errorHandler
<LI><a href="#[47]">&gt;&gt;</a>&nbsp;&nbsp;&nbsp;__main
</UL>

<P><STRONG><a name="[63]"></a>setupIoPinRx</STRONG> (Thumb, 216 bytes, Stack size 24 bytes, mainfile.o(.text.setupIoPinRx))
<BR><BR>[Stack]<UL><LI>Max Depth = 24<LI>Call Chain = setupIoPinRx
</UL>
<BR>[Called By]<UL><LI><a href="#[50]">&gt;&gt;</a>&nbsp;&nbsp;&nbsp;usartInit
</UL>

<P><STRONG><a name="[62]"></a>setupIoPinTx</STRONG> (Thumb, 172 bytes, Stack size 24 bytes, mainfile.o(.text.setupIoPinTx))
<BR><BR>[Stack]<UL><LI>Max Depth = 24<LI>Call Chain = setupIoPinTx
</UL>
<BR>[Called By]<UL><LI><a href="#[50]">&gt;&gt;</a>&nbsp;&nbsp;&nbsp;usartInit
</UL>

<P><STRONG><a name="[4f]"></a>sysTickInit</STRONG> (Thumb, 82 bytes, Stack size 24 bytes, mainfile.o(.text.sysTickInit))
<BR><BR>[Stack]<UL><LI>Max Depth = 32<LI>Call Chain = sysTickInit &rArr; __NVIC_SetPriority
</UL>
<BR>[Calls]<UL><LI><a href="#[57]">&gt;&gt;</a>&nbsp;&nbsp;&nbsp;busyWait
<LI><a href="#[5e]">&gt;&gt;</a>&nbsp;&nbsp;&nbsp;__NVIC_SetPriority
</UL>
<BR>[Called By]<UL><LI><a href="#[47]">&gt;&gt;</a>&nbsp;&nbsp;&nbsp;__main
</UL>
<P>
<H3>
Undefined Global Symbols
</H3><HR></body></html>
